Component: ARM Compiler 6.14.1 Tool: armlink [5db06d00]

==============================================================================

Section Cross References

    rr.o(.ARM.exidx.text.delay_ms) refers to rr.o(.text.delay_ms) for [Anonymous Symbol]
    rr.o(.text.UART3_Init) refers to sysctl.o(i.SysCtlPeripheralEnable) for SysCtlPeripheralEnable
    rr.o(.text.UART3_Init) refers to sysctl.o(i.SysCtlPeripheralReady) for SysCtlPeripheralReady
    rr.o(.text.UART3_Init) refers to gpio.o(i.GPIOPinConfigure) for GPIOPinConfigure
    rr.o(.text.UART3_Init) refers to gpio.o(i.GPIOPinTypeUART) for GPIOPinTypeUART
    rr.o(.text.UART3_Init) refers to sysctl.o(i.SysCtlClockGet) for SysCtlClockGet
    rr.o(.text.UART3_Init) refers to uart.o(i.UARTConfigSetExpClk) for UARTConfigSetExpClk
    rr.o(.text.UART3_Init) refers to uart.o(i.UARTEnable) for UARTEnable
    rr.o(.ARM.exidx.text.UART3_Init) refers to rr.o(.text.UART3_Init) for [Anonymous Symbol]
    rr.o(.text.UART3_OutChar) refers to uart.o(i.UARTCharPut) for UARTCharPut
    rr.o(.ARM.exidx.text.UART3_OutChar) refers to rr.o(.text.UART3_OutChar) for [Anonymous Symbol]
    rr.o(.text.UART3_OutString) refers to rr.o(.bss.uartMutex) for uartMutex
    rr.o(.text.UART3_OutString) refers to queue.o(.text.xQueueSemaphoreTake) for xQueueSemaphoreTake
    rr.o(.text.UART3_OutString) refers to rr.o(.text.UART3_OutChar) for UART3_OutChar
    rr.o(.text.UART3_OutString) refers to queue.o(.text.xQueueGenericSend) for xQueueGenericSend
    rr.o(.ARM.exidx.text.UART3_OutString) refers to rr.o(.text.UART3_OutString) for [Anonymous Symbol]
    rr.o(.text.PortF_Init) refers to sysctl.o(i.SysCtlPeripheralEnable) for SysCtlPeripheralEnable
    rr.o(.text.PortF_Init) refers to sysctl.o(i.SysCtlPeripheralReady) for SysCtlPeripheralReady
    rr.o(.text.PortF_Init) refers to gpio.o(i.GPIOPinTypeGPIOInput) for GPIOPinTypeGPIOInput
    rr.o(.text.PortF_Init) refers to gpio.o(i.GPIOPadConfigSet) for GPIOPadConfigSet
    rr.o(.text.PortF_Init) refers to gpio.o(i.GPIOPinTypeGPIOOutput) for GPIOPinTypeGPIOOutput
    rr.o(.ARM.exidx.text.PortF_Init) refers to rr.o(.text.PortF_Init) for [Anonymous Symbol]
    rr.o(.text.PortE_Init) refers to sysctl.o(i.SysCtlPeripheralEnable) for SysCtlPeripheralEnable
    rr.o(.text.PortE_Init) refers to sysctl.o(i.SysCtlPeripheralReady) for SysCtlPeripheralReady
    rr.o(.text.PortE_Init) refers to gpio.o(i.GPIOPinTypeGPIOInput) for GPIOPinTypeGPIOInput
    rr.o(.text.PortE_Init) refers to gpio.o(i.GPIOPinTypeGPIOOutput) for GPIOPinTypeGPIOOutput
    rr.o(.text.PortE_Init) refers to gpio.o(i.GPIOPinWrite) for GPIOPinWrite
    rr.o(.ARM.exidx.text.PortE_Init) refers to rr.o(.text.PortE_Init) for [Anonymous Symbol]
    rr.o(.text.PortD_Init) refers to sysctl.o(i.SysCtlPeripheralEnable) for SysCtlPeripheralEnable
    rr.o(.text.PortD_Init) refers to sysctl.o(i.SysCtlPeripheralReady) for SysCtlPeripheralReady
    rr.o(.text.PortD_Init) refers to gpio.o(i.GPIOPinTypeGPIOInput) for GPIOPinTypeGPIOInput
    rr.o(.ARM.exidx.text.PortD_Init) refers to rr.o(.text.PortD_Init) for [Anonymous Symbol]
    rr.o(.text.PIR_Task) refers to rr.o(.bss.ledMutex) for ledMutex
    rr.o(.text.PIR_Task) refers to tasks.o(.text.vTaskDelay) for vTaskDelay
    rr.o(.text.PIR_Task) refers to rr.o(.text.UART3_OutString) for UART3_OutString
    rr.o(.text.PIR_Task) refers to queue.o(.text.xQueueSemaphoreTake) for xQueueSemaphoreTake
    rr.o(.text.PIR_Task) refers to queue.o(.text.xQueueGenericSend) for xQueueGenericSend
    rr.o(.ARM.exidx.text.PIR_Task) refers to rr.o(.text.PIR_Task) for [Anonymous Symbol]
    rr.o(.text.Smoke_Task) refers to rr.o(.bss.ledMutex) for ledMutex
    rr.o(.text.Smoke_Task) refers to tasks.o(.text.vTaskDelay) for vTaskDelay
    rr.o(.text.Smoke_Task) refers to rr.o(.text.UART3_OutString) for UART3_OutString
    rr.o(.text.Smoke_Task) refers to queue.o(.text.xQueueSemaphoreTake) for xQueueSemaphoreTake
    rr.o(.text.Smoke_Task) refers to queue.o(.text.xQueueGenericSend) for xQueueGenericSend
    rr.o(.ARM.exidx.text.Smoke_Task) refers to rr.o(.text.Smoke_Task) for [Anonymous Symbol]
    rr.o(.text.Sound_Task) refers to rr.o(.bss.ledMutex) for ledMutex
    rr.o(.text.Sound_Task) refers to tasks.o(.text.vTaskDelay) for vTaskDelay
    rr.o(.text.Sound_Task) refers to rr.o(.text.UART3_OutString) for UART3_OutString
    rr.o(.text.Sound_Task) refers to queue.o(.text.xQueueSemaphoreTake) for xQueueSemaphoreTake
    rr.o(.text.Sound_Task) refers to rr.o(.text.delay_ms) for delay_ms
    rr.o(.text.Sound_Task) refers to queue.o(.text.xQueueGenericSend) for xQueueGenericSend
    rr.o(.ARM.exidx.text.Sound_Task) refers to rr.o(.text.Sound_Task) for [Anonymous Symbol]
    rr.o(.text.Button_Task) refers to rr.o(.bss.ledMutex) for ledMutex
    rr.o(.text.Button_Task) refers to tasks.o(.text.vTaskDelay) for vTaskDelay
    rr.o(.text.Button_Task) refers to rr.o(.text.delay_ms) for delay_ms
[...]
    __tagsym$$used.2                         0x00000b7c   Number         0  clib_os.o(.text._mutex_release)
    [Anonymous Symbol]                       0x00000b7c   Section        0  clib_os.o(.text._mutex_release)
    [Anonymous Symbol]                       0x00000ba0   Section        0  clib_os.o(.text._platform_post_stackheap_init)
    [Anonymous Symbol]                       0x00000ba4   Section        0  rr.o(.text.delay_ms)
    is_thread_mode                           0x00000bb9   Thumb Code    12  clib_os.o(.text.is_thread_mode)
    [Anonymous Symbol]                       0x00000bb8   Section        0  clib_os.o(.text.is_thread_mode)
    [Anonymous Symbol]                       0x00000bc4   Section        0  rr.o(.text.main)
    os_kernel_is_active                      0x00000c91   Thumb Code    16  clib_os.o(.text.os_kernel_is_active)
    [Anonymous Symbol]                       0x00000c90   Section        0  clib_os.o(.text.os_kernel_is_active)
    prvAddCurrentTaskToDelayedList           0x00000ca1   Thumb Code   178  tasks.o(.text.prvAddCurrentTaskToDelayedList)
    [Anonymous Symbol]                       0x00000ca0   Section        0  tasks.o(.text.prvAddCurrentTaskToDelayedList)
    prvAddNewTaskToReadyList                 0x00000d55   Thumb Code   204  tasks.o(.text.prvAddNewTaskToReadyList)
    [Anonymous Symbol]                       0x00000d54   Section        0  tasks.o(.text.prvAddNewTaskToReadyList)
    prvCheckForValidListAndQueue             0x00000e21   Thumb Code   106  timers.o(.text.prvCheckForValidListAndQueue)
    [Anonymous Symbol]                       0x00000e20   Section        0  timers.o(.text.prvCheckForValidListAndQueue)
    prvCheckTasksWaitingTermination          0x00000e8d   Thumb Code    78  tasks.o(.text.prvCheckTasksWaitingTermination)
    [Anonymous Symbol]                       0x00000e8c   Section        0  tasks.o(.text.prvCheckTasksWaitingTermination)
    prvCopyDataFromQueue                     0x00000edd   Thumb Code    38  queue.o(.text.prvCopyDataFromQueue)
    [Anonymous Symbol]                       0x00000edc   Section        0  queue.o(.text.prvCopyDataFromQueue)
    prvCopyDataToQueue                       0x00000f05   Thumb Code   122  queue.o(.text.prvCopyDataToQueue)
    [Anonymous Symbol]                       0x00000f04   Section        0  queue.o(.text.prvCopyDataToQueue)
    prvCreateIdleTasks                       0x00000f81   Thumb Code   108  tasks.o(.text.prvCreateIdleTasks)
    [Anonymous Symbol]                       0x00000f80   Section        0  tasks.o(.text.prvCreateIdleTasks)
    prvCreateStaticTask                      0x00000fed   Thumb Code   114  tasks.o(.text.prvCreateStaticTask)
    [Anonymous Symbol]                       0x00000fec   Section        0  tasks.o(.text.prvCreateStaticTask)
    prvCreateTask                            0x00001061   Thumb Code    92  tasks.o(.text.prvCreateTask)
    [Anonymous Symbol]                       0x00001060   Section        0  tasks.o(.text.prvCreateTask)
    prvDeleteTCB                             0x000010bd   Thumb Code    38  tasks.o(.text.prvDeleteTCB)
    [Anonymous Symbol]                       0x000010bc   Section        0  tasks.o(.text.prvDeleteTCB)
    prvGetHighestPriorityOfWaitToReceiveList 0x000010e5   Thumb Code    18  queue.o(.text.prvGetHighestPriorityOfWaitToReceiveList)
    [Anonymous Symbol]                       0x000010e4   Section        0  queue.o(.text.prvGetHighestPriorityOfWaitToReceiveList)
    prvGetNextExpireTime                     0x000010f9   Thumb Code    32  timers.o(.text.prvGetNextExpireTime)
    [Anonymous Symbol]                       0x000010f8   Section        0  timers.o(.text.prvGetNextExpireTime)
    prvHeapInit                              0x00001119   Thumb Code   106  heap_4.o(.text.prvHeapInit)
    [Anonymous Symbol]                       0x00001118   Section        0  heap_4.o(.text.prvHeapInit)
    prvIdleTask                              0x00001185   Thumb Code    42  tasks.o(.text.prvIdleTask)
    [Anonymous Symbol]                       0x00001184   Section        0  tasks.o(.text.prvIdleTask)
    prvInitialiseMutex                       0x000011b1   Thumb Code    32  queue.o(.text.prvInitialiseMutex)
    [Anonymous Symbol]                       0x000011b0   Section        0  queue.o(.text.prvInitialiseMutex)
    prvInitialiseNewQueue                    0x000011d1   Thumb Code    32  queue.o(.text.prvInitialiseNewQueue)
    [Anonymous Symbol]                       0x000011d0   Section        0  queue.o(.text.prvInitialiseNewQueue)
    prvInitialiseNewTask                     0x000011f1   Thumb Code   140  tasks.o(.text.prvInitialiseNewTask)
    [Anonymous Symbol]                       0x000011f0   Section        0  tasks.o(.text.prvInitialiseNewTask)
    prvInitialiseTaskLists                   0x0000127d   Thumb Code   112  tasks.o(.text.prvInitialiseTaskLists)
    [Anonymous Symbol]                       0x0000127c   Section        0  tasks.o(.text.prvInitialiseTaskLists)
    prvInsertBlockIntoFreeList               0x000012ed   Thumb Code   120  heap_4.o(.text.prvInsertBlockIntoFreeList)
    [Anonymous Symbol]                       0x000012ec   Section        0  heap_4.o(.text.prvInsertBlockIntoFreeList)
    prvInsertTimerInActiveList               0x00001365   Thumb Code    64  timers.o(.text.prvInsertTimerInActiveList)
    [Anonymous Symbol]                       0x00001364   Section        0  timers.o(.text.prvInsertTimerInActiveList)
    prvIsQueueEmpty                          0x000013a5   Thumb Code    24  queue.o(.text.prvIsQueueEmpty)
    [Anonymous Symbol]                       0x000013a4   Section        0  queue.o(.text.prvIsQueueEmpty)
    prvIsQueueFull                           0x000013bd   Thumb Code    28  queue.o(.text.prvIsQueueFull)
    [Anonymous Symbol]                       0x000013bc   Section        0  queue.o(.text.prvIsQueueFull)
    prvPortStartFirstTask                    0x000013d9   Thumb Code    40  port.o(.text.prvPortStartFirstTask)
    [Anonymous Symbol]                       0x000013d8   Section        0  port.o(.text.prvPortStartFirstTask)
    prvProcessExpiredTimer                   0x00001401   Thumb Code    62  timers.o(.text.prvProcessExpiredTimer)
    [Anonymous Symbol]                       0x00001400   Section        0  timers.o(.text.prvProcessExpiredTimer)
    prvProcessReceivedCommands               0x00001441   Thumb Code   280  timers.o(.text.prvProcessReceivedCommands)
    [Anonymous Symbol]                       0x00001440   Section        0  timers.o(.text.prvProcessReceivedCommands)
    prvProcessTimerOrBlockTask               0x00001559   Thumb Code   128  timers.o(.text.prvProcessTimerOrBlockTask)
    [Anonymous Symbol]                       0x00001558   Section        0  timers.o(.text.prvProcessTimerOrBlockTask)
    prvReloadTimer                           0x000015d9   Thumb Code    58  timers.o(.text.prvReloadTimer)
    [Anonymous Symbol]                       0x000015d8   Section        0  timers.o(.text.prvReloadTimer)
    prvResetNextTaskUnblockTime              0x00001615   Thumb Code    38  tasks.o(.text.prvResetNextTaskUnblockTime)
    [Anonymous Symbol]                       0x00001614   Section        0  tasks.o(.text.prvResetNextTaskUnblockTime)
    prvSampleTimeNow                         0x0000163d   Thumb Code    42  timers.o(.text.prvSampleTimeNow)
    [Anonymous Symbol]                       0x0000163c   Section        0  timers.o(.text.prvSampleTimeNow)
    prvSwitchTimerLists                      0x00001669   Thumb Code    52  timers.o(.text.prvSwitchTimerLists)
    [Anonymous Symbol]                       0x00001668   Section        0  timers.o(.text.prvSwitchTimerLists)
    prvTaskExitError                         0x0000169d   Thumb Code    50  port.o(.text.prvTaskExitError)
    [Anonymous Symbol]                       0x0000169c   Section        0  port.o(.text.prvTaskExitError)
    prvTimerTask                             0x000016d1   Thumb Code    22  timers.o(.text.prvTimerTask)
    [Anonymous Symbol]                       0x000016d0   Section        0  timers.o(.text.prvTimerTask)
    prvUnlockQueue                           0x000016e9   Thumb Code   114  queue.o(.text.prvUnlockQueue)
    [Anonymous Symbol]                       0x000016e8   Section        0  queue.o(.text.prvUnlockQueue)
    [Anonymous Symbol]                       0x0000175c   Section        0  heap_4.o(.text.pvPortMalloc)
    [Anonymous Symbol]                       0x000018ac   Section        0  tasks.o(.text.pvTaskIncrementMutexHeldCount)
    [Anonymous Symbol]                       0x000018c4   Section        0  port.o(.text.pxPortInitialiseStack)
    [Anonymous Symbol]                       0x000018ec   Section        0  list.o(.text.uxListRemove)
    [Anonymous Symbol]                       0x00001914   Section        0  tasks.o(.text.vApplicationGetIdleTaskMemory)
    [Anonymous Symbol]                       0x00001930   Section        0  tasks.o(.text.vApplicationGetTimerTaskMemory)
    [Anonymous Symbol]                       0x0000194c   Section        0  cmsis_os2.o(.text.vApplicationStackOverflowHook)
    [Anonymous Symbol]                       0x00001950   Section        0  list.o(.text.vListInitialise)
    [Anonymous Symbol]                       0x00001968   Section        0  list.o(.text.vListInitialiseItem)
    [Anonymous Symbol]                       0x00001970   Section        0  list.o(.text.vListInsert)
    vPortEnableVFP                           0x000019ad   Thumb Code    20  port.o(.text.vPortEnableVFP)
    [Anonymous Symbol]                       0x000019ac   Section        0  port.o(.text.vPortEnableVFP)
    [Anonymous Symbol]                       0x000019c0   Section        0  port.o(.text.vPortEnterCritical)
    [Anonymous Symbol]                       0x000019f8   Section        0  port.o(.text.vPortExitCritical)
    [Anonymous Symbol]                       0x00001a18   Section        0  heap_4.o(.text.vPortFree)
    [Anonymous Symbol]                       0x00001a98   Section        0  port.o(.text.vPortSetupTimerInterrupt)
    [Anonymous Symbol]                       0x00001acc   Section        0  queue.o(.text.vQueueDelete)
    [Anonymous Symbol]                       0x00001ae0   Section        0  queue.o(.text.vQueueWaitForMessageRestricted)
    [Anonymous Symbol]                       0x00001b24   Section        0  tasks.o(.text.vTaskDelay)
    [Anonymous Symbol]                       0x00001b68   Section        0  tasks.o(.text.vTaskInternalSetTimeOutState)
    [Anonymous Symbol]                       0x00001b84   Section        0  tasks.o(.text.vTaskMissedYield)
    [Anonymous Symbol]                       0x00001b94   Section        0  tasks.o(.text.vTaskPlaceOnEventList)
    [Anonymous Symbol]                       0x00001bb8   Section        0  tasks.o(.text.vTaskPlaceOnEventListRestricted)
    [Anonymous Symbol]                       0x00001c0c   Section        0  tasks.o(.text.vTaskPriorityDisinheritAfterTimeout)
    [Anonymous Symbol]                       0x00001ca4   Section        0  tasks.o(.text.vTaskStartScheduler)
    [Anonymous Symbol]                       0x00001d04   Section        0  tasks.o(.text.vTaskSuspendAll)
    __tagsym$$used.0                         0x00001d14   Number         0  tasks.o(.text.vTaskSwitchContext)
    [Anonymous Symbol]                       0x00001d14   Section        0  tasks.o(.text.vTaskSwitchContext)
    [Anonymous Symbol]                       0x00001de4   Section        0  port.o(.text.xPortStartScheduler)
    [Anonymous Symbol]                       0x00001f00   Section        0  port.o(.text.xPortSysTickHandler)
    [Anonymous Symbol]                       0x00001f30   Section        0  queue.o(.text.xQueueCreateMutex)
    [Anonymous Symbol]                       0x00001f48   Section        0  queue.o(.text.xQueueCreateMutexStatic)
    [Anonymous Symbol]                       0x00001f6c   Section        0  queue.o(.text.xQueueGenericCreate)
    [Anonymous Symbol]                       0x00001fbc   Section        0  queue.o(.text.xQueueGenericCreateStatic)
    [Anonymous Symbol]                       0x00002008   Section        0  queue.o(.text.xQueueGenericReset)
    [Anonymous Symbol]                       0x000020a4   Section        0  queue.o(.text.xQueueGenericSend)
    [Anonymous Symbol]                       0x0000220c   Section        0  queue.o(.text.xQueueReceive)
    [Anonymous Symbol]                       0x00002354   Section        0  queue.o(.text.xQueueSemaphoreTake)
    [Anonymous Symbol]                       0x000024d0   Section        0  tasks.o(.text.xTaskCheckForTimeOut)
    [Anonymous Symbol]                       0x0000255c   Section        0  tasks.o(.text.xTaskCreate)
    [Anonymous Symbol]                       0x00002580   Section        0  tasks.o(.text.xTaskCreateStatic)
    [Anonymous Symbol]                       0x000025ac   Section        0  tasks.o(.text.xTaskGetSchedulerState)
    [Anonymous Symbol]                       0x000025d4   Section        0  tasks.o(.text.xTaskGetTickCount)
    [Anonymous Symbol]                       0x000025e0   Section        0  tasks.o(.text.xTaskIncrementTick)
    [Anonymous Symbol]                       0x0000277c   Section        0  tasks.o(.text.xTaskPriorityDisinherit)
    [Anonymous Symbol]                       0x00002804   Section        0  tasks.o(.text.xTaskPriorityInherit)
    [Anonymous Symbol]                       0x000028ac   Section        0  tasks.o(.text.xTaskRemoveFromEventList)
    [Anonymous Symbol]                       0x00002990   Section        0  tasks.o(.text.xTaskResumeAll)
    [Anonymous Symbol]                       0x00002af4   Section        0  timers.o(.text.xTimerCreateTimerTask)
    i.GPIODirModeSet                         0x00002b64   Section        0  gpio.o(i.GPIODirModeSet)
    i.GPIOPadConfigSet                       0x00002b8c   Section        0  gpio.o(i.GPIOPadConfigSet)
    i.GPIOPinConfigure                       0x00002cc8   Section        0  gpio.o(i.GPIOPinConfigure)
    i.GPIOPinTypeGPIOInput                   0x00002d10   Section        0  gpio.o(i.GPIOPinTypeGPIOInput)
    i.GPIOPinTypeGPIOOutput                  0x00002d2c   Section        0  gpio.o(i.GPIOPinTypeGPIOOutput)
    i.GPIOPinTypeUART                        0x00002d48   Section        0  gpio.o(i.GPIOPinTypeUART)
    i.GPIOPinWrite                           0x00002d64   Section        0  gpio.o(i.GPIOPinWrite)
    i.SysCtlClockGet                         0x00002d6c   Section        0  sysctl.o(i.SysCtlClockGet)
    i.SysCtlClockSet                         0x00002ed0   Section        0  sysctl.o(i.SysCtlClockSet)
    i.SysCtlPeripheralEnable                 0x00002ff0   Section        0  sysctl.o(i.SysCtlPeripheralEnable)
    i.SysCtlPeripheralReady                  0x00003018   Section        0  sysctl.o(i.SysCtlPeripheralReady)
    i.UARTCharPut                            0x00003044   Section        0  uart.o(i.UARTCharPut)
    i.UARTConfigSetExpClk                    0x00003050   Section        0  uart.o(i.UARTConfigSetExpClk)
    i.UARTEnable                             0x000030be   Section        0  uart.o(i.UARTEnable)
    $v0                                      0x000030d2   Number         0  fpinit.o(x$fpl$fpinit)
    x$fpl$fpinit                             0x000030d2   Section       26  fpinit.o(x$fpl$fpinit)
    g_ppui32GPIOIntMapBlizzard               0x000030ec   Data         192  gpio.o(.constdata)
    .constdata                               0x000030ec   Section      528  gpio.o(.constdata)
    g_ppui32GPIOIntMapSnowflake              0x000031ac   Data         192  gpio.o(.constdata)
    g_pui32GPIOBaseAddrs                     0x0000326c   Data         144  gpio.o(.constdata)
    g_pui32VCOFrequencies                    0x000032fc   Data           8  sysctl.o(.constdata)
    .constdata                               0x000032fc   Section      452  sysctl.o(.constdata)
    g_pui32Xtals                             0x00003304   Data         108  sysctl.o(.constdata)
    g_pppui32XTALtoVCO                       0x00003370   Data         288  sysctl.o(.constdata)
    g_sXTALtoMEMTIM                          0x00003490   Data          48  sysctl.o(.constdata)
    uxTopUsedPriority                        0x000034c0   Data           4  tasks.o(.rodata.uxTopUsedPriority)
    [Anonymous Symbol]                       0x000034c0   Section        0  tasks.o(.rodata.uxTopUsedPriority)
    uxCriticalNesting                        0x20000004   Data           4  port.o(.data.uxCriticalNesting)
    [Anonymous Symbol]                       0x20000004   Section        0  port.o(.data.uxCriticalNesting)
    .bss                                     0x20000008   Section       96  libspace.o(.bss)
    clib_mutex_cb                            0x20000068   Data         400  clib_os.o(.bss.clib_mutex_cb)
    [Anonymous Symbol]                       0x20000068   Section        0  clib_os.o(.bss.clib_mutex_cb)
    clib_mutex_id                            0x200001f8   Data          20  clib_os.o(.bss.clib_mutex_id)
    [Anonymous Symbol]                       0x200001f8   Section        0  clib_os.o(.bss.clib_mutex_id)
    prvCheckForValidListAndQueue.ucStaticTimerQueueStorage 0x20000210   Data          80  timers.o(.bss.prvCheckForValidListAndQueue.ucStaticTimerQueueStorage)
    [Anonymous Symbol]                       0x20000210   Section        0  timers.o(.bss.prvCheckForValidListAndQueue.ucStaticTimerQueueStorage)
    prvCheckForValidListAndQueue.xStaticTimerQueue 0x20000260   Data          80  timers.o(.bss.prvCheckForValidListAndQueue.xStaticTimerQueue)
    [Anonymous Symbol]                       0x20000260   Section        0  timers.o(.bss.prvCheckForValidListAndQueue.xStaticTimerQueue)
    prvSampleTimeNow.xLastTime               0x200002b0   Data           4  timers.o(.bss.prvSampleTimeNow.xLastTime)
    [Anonymous Symbol]                       0x200002b0   Section        0  timers.o(.bss.prvSampleTimeNow.xLastTime)
    __tagsym$$used.1                         0x200002b4   Number         0  tasks.o(.bss.pxCurrentTCB)
    pxCurrentTimerList                       0x200002b8   Data           4  timers.o(.bss.pxCurrentTimerList)
    [Anonymous Symbol]                       0x200002b8   Section        0  timers.o(.bss.pxCurrentTimerList)
    pxDelayedTaskList                        0x200002bc   Data           4  tasks.o(.bss.pxDelayedTaskList)
    [Anonymous Symbol]                       0x200002bc   Section        0  tasks.o(.bss.pxDelayedTaskList)
    pxEnd                                    0x200002c0   Data           4  heap_4.o(.bss.pxEnd)
    [Anonymous Symbol]                       0x200002c0   Section        0  heap_4.o(.bss.pxEnd)
    pxOverflowDelayedTaskList                0x200002c4   Data           4  tasks.o(.bss.pxOverflowDelayedTaskList)
    [Anonymous Symbol]                       0x200002c4   Section        0  tasks.o(.bss.pxOverflowDelayedTaskList)
    pxOverflowTimerList                      0x200002c8   Data           4  timers.o(.bss.pxOverflowTimerList)
    [Anonymous Symbol]                       0x200002c8   Section        0  timers.o(.bss.pxOverflowTimerList)
    pxReadyTasksLists                        0x200002cc   Data        1120  tasks.o(.bss.pxReadyTasksLists)
    [Anonymous Symbol]                       0x200002cc   Section        0  tasks.o(.bss.pxReadyTasksLists)
    ucHeap                                   0x20000730   Data        8192  heap_4.o(.bss.ucHeap)
    [Anonymous Symbol]                       0x20000730   Section        0  heap_4.o(.bss.ucHeap)
    ucMaxSysCallPriority                     0x20002730   Data           1  port.o(.bss.ucMaxSysCallPriority)
    [Anonymous Symbol]                       0x20002730   Section        0  port.o(.bss.ucMaxSysCallPriority)
    ulMaxPRIGROUPValue                       0x20002734   Data           4  port.o(.bss.ulMaxPRIGROUPValue)
    [Anonymous Symbol]                       0x20002734   Section        0  port.o(.bss.ulMaxPRIGROUPValue)
    uxCurrentNumberOfTasks                   0x20002738   Data           4  tasks.o(.bss.uxCurrentNumberOfTasks)
    [Anonymous Symbol]                       0x20002738   Section        0  tasks.o(.bss.uxCurrentNumberOfTasks)
    uxDeletedTasksWaitingCleanUp             0x2000273c   Data           4  tasks.o(.bss.uxDeletedTasksWaitingCleanUp)
    [Anonymous Symbol]                       0x2000273c   Section        0  tasks.o(.bss.uxDeletedTasksWaitingCleanUp)
    uxSchedulerSuspended                     0x20002740   Data           4  tasks.o(.bss.uxSchedulerSuspended)
    [Anonymous Symbol]                       0x20002740   Section        0  tasks.o(.bss.uxSchedulerSuspended)
    uxTaskNumber                             0x20002744   Data           4  tasks.o(.bss.uxTaskNumber)
    [Anonymous Symbol]                       0x20002744   Section        0  tasks.o(.bss.uxTaskNumber)
    uxTopReadyPriority                       0x20002748   Data           4  tasks.o(.bss.uxTopReadyPriority)
    [Anonymous Symbol]                       0x20002748   Section        0  tasks.o(.bss.uxTopReadyPriority)
    vApplicationGetIdleTaskMemory.uxIdleTaskStack 0x2000274c   Data         512  tasks.o(.bss.vApplicationGetIdleTaskMemory.uxIdleTaskStack)
    [Anonymous Symbol]                       0x2000274c   Section        0  tasks.o(.bss.vApplicationGetIdleTaskMemory.uxIdleTaskStack)
    vApplicationGetIdleTaskMemory.xIdleTaskTCB 0x2000294c   Data          92  tasks.o(.bss.vApplicationGetIdleTaskMemory.xIdleTaskTCB)
    [Anonymous Symbol]                       0x2000294c   Section        0  tasks.o(.bss.vApplicationGetIdleTaskMemory.xIdleTaskTCB)
    vApplicationGetTimerTaskMemory.uxTimerTaskStack 0x200029a8   Data         512  tasks.o(.bss.vApplicationGetTimerTaskMemory.uxTimerTaskStack)
    [Anonymous Symbol]                       0x200029a8   Section        0  tasks.o(.bss.vApplicationGetTimerTaskMemory.uxTimerTaskStack)
    vApplicationGetTimerTaskMemory.xTimerTaskTCB 0x20002ba8   Data          92  tasks.o(.bss.vApplicationGetTimerTaskMemory.xTimerTaskTCB)
    [Anonymous Symbol]                       0x20002ba8   Section        0  tasks.o(.bss.vApplicationGetTimerTaskMemory.xTimerTaskTCB)
    xActiveTimerList1                        0x20002c04   Data          20  timers.o(.bss.xActiveTimerList1)
    [Anonymous Symbol]                       0x20002c04   Section        0  timers.o(.bss.xActiveTimerList1)
    xActiveTimerList2                        0x20002c18   Data          20  timers.o(.bss.xActiveTimerList2)
    [Anonymous Symbol]                       0x20002c18   Section        0  timers.o(.bss.xActiveTimerList2)
    xDelayedTaskList1                        0x20002c2c   Data          20  tasks.o(.bss.xDelayedTaskList1)
    [Anonymous Symbol]                       0x20002c2c   Section        0  tasks.o(.bss.xDelayedTaskList1)
    xDelayedTaskList2                        0x20002c40   Data          20  tasks.o(.bss.xDelayedTaskList2)
    [Anonymous Symbol]                       0x20002c40   Section        0  tasks.o(.bss.xDelayedTaskList2)
    xFreeBytesRemaining                      0x20002c54   Data           4  heap_4.o(.bss.xFreeBytesRemaining)
    [Anonymous Symbol]                       0x20002c54   Section        0  heap_4.o(.bss.xFreeBytesRemaining)
    xIdleTaskHandles.0                       0x20002c58   Data           4  tasks.o(.bss.xIdleTaskHandles.0)
    [Anonymous Symbol]                       0x20002c58   Section        0  tasks.o(.bss.xIdleTaskHandles.0)
    xMinimumEverFreeBytesRemaining           0x20002c5c   Data           4  heap_4.o(.bss.xMinimumEverFreeBytesRemaining)
    [Anonymous Symbol]                       0x20002c5c   Section        0  heap_4.o(.bss.xMinimumEverFreeBytesRemaining)
    xNextTaskUnblockTime                     0x20002c60   Data           4  tasks.o(.bss.xNextTaskUnblockTime)
    [Anonymous Symbol]                       0x20002c60   Section        0  tasks.o(.bss.xNextTaskUnblockTime)
    xNumOfOverflows                          0x20002c64   Data           4  tasks.o(.bss.xNumOfOverflows)
    [Anonymous Symbol]                       0x20002c64   Section        0  tasks.o(.bss.xNumOfOverflows)
    xNumberOfSuccessfulAllocations           0x20002c68   Data           4  heap_4.o(.bss.xNumberOfSuccessfulAllocations)
    [Anonymous Symbol]                       0x20002c68   Section        0  heap_4.o(.bss.xNumberOfSuccessfulAllocations)
    xNumberOfSuccessfulFrees                 0x20002c6c   Data           4  heap_4.o(.bss.xNumberOfSuccessfulFrees)
    [Anonymous Symbol]                       0x20002c6c   Section        0  heap_4.o(.bss.xNumberOfSuccessfulFrees)
    xPendedTicks                             0x20002c70   Data           4  tasks.o(.bss.xPendedTicks)
    [Anonymous Symbol]                       0x20002c70   Section        0  tasks.o(.bss.xPendedTicks)
    xPendingReadyList                        0x20002c74   Data          20  tasks.o(.bss.xPendingReadyList)
    [Anonymous Symbol]                       0x20002c74   Section        0  tasks.o(.bss.xPendingReadyList)
    xSchedulerRunning                        0x20002c88   Data           4  tasks.o(.bss.xSchedulerRunning)
    [Anonymous Symbol]                       0x20002c88   Section        0  tasks.o(.bss.xSchedulerRunning)
    xStart                                   0x20002c8c   Data           8  heap_4.o(.bss.xStart)
    [Anonymous Symbol]                       0x20002c8c   Section        0  heap_4.o(.bss.xStart)
    xSuspendedTaskList                       0x20002c94   Data          20  tasks.o(.bss.xSuspendedTaskList)
    [Anonymous Symbol]                       0x20002c94   Section        0  tasks.o(.bss.xSuspendedTaskList)
    xTasksWaitingTermination                 0x20002ca8   Data          20  tasks.o(.bss.xTasksWaitingTermination)
    [Anonymous Symbol]                       0x20002ca8   Section        0  tasks.o(.bss.xTasksWaitingTermination)
    xTickCount                               0x20002cbc   Data           4  tasks.o(.bss.xTickCount)
    [Anonymous Symbol]                       0x20002cbc   Section        0  tasks.o(.bss.xTickCount)
    xTimerQueue                              0x20002cc0   Data           4  timers.o(.bss.xTimerQueue)
    [Anonymous Symbol]                       0x20002cc0   Section        0  timers.o(.bss.xTimerQueue)
    xTimerTaskHandle                         0x20002cc4   Data           4  timers.o(.bss.xTimerTaskHandle)
    [Anonymous Symbol]                       0x20002cc4   Section        0  timers.o(.bss.xTimerTaskHandle)
    xYieldPendings                           0x20002cc8   Data           4  tasks.o(.bss.xYieldPendings)
    [Anonymous Symbol]                       0x20002cc8   Section        0  tasks.o(.bss.xYieldPendings)
    Heap_Mem                                 0x20002cd0   Data           0  startup_tm4c123.o(HEAP)
    Stack_Mem                                0x20002cd0   Data         512  startup_tm4c123.o(STACK)
    HEAP                                     0x20002cd0   Section        0  startup_tm4c123.o(HEAP)
    STACK                                    0x20002cd0   Section      512  startup_tm4c123.o(STACK)
    __initial_sp                             0x20002ed0   Data           0  startup_tm4c123.o(STACK)

    Global Symbols

    Symbol Name                              Value     Ov Type        Size  Object(Section)

    BuildAttributes$$THM_ISAv4$E$P$D$K$B$S$7EM$VFPi3$EXTD16$VFPS$VFMA$PE$A:L22UL41UL21$X:L11$S22US41US21$IEEE1$IW$~IW$USESV6$~STKCKD$USESV7$~SHL$OTIME$ROPI$EBA8$UX$STANDARDLIB$REQ8$PRES8$EABIv2 0x00000000   Number         0  anon$$obj.o ABSOLUTE
    __Vectors                                0x00000000   Data           4  startup_tm4c123.o(RESET)
    __ARM_exceptions_init                     - Undefined Weak Reference
    __alloca_initialize                       - Undefined Weak Reference
    __arm_preinit_                            - Undefined Weak Reference
    __cpp_initialize__aeabi_                  - Undefined Weak Reference
    __cxa_finalize                            - Undefined Weak Reference
    __rt_locale                               - Undefined Weak Reference
    __sigvec_lookup                           - Undefined Weak Reference
    _atexit_init                              - Undefined Weak Reference
    _call_atexit_fns                          - Undefined Weak Reference
    _clock_init                               - Undefined Weak Reference
    _fp_trap_init                             - Undefined Weak Reference
    _fp_trap_shutdown                         - Undefined Weak Reference
    _get_lc_collate                           - Undefined Weak Reference
    _get_lc_ctype                             - Undefined Weak Reference
    _get_lc_monetary                          - Undefined Weak Reference
    _get_lc_numeric                           - Undefined Weak Reference
    _get_lc_time                              - Undefined Weak Reference
    _getenv_init                              - Undefined Weak Reference
    _handle_redirection                       - Undefined Weak Reference
    _init_alloc                               - Undefined Weak Reference
    _init_user_alloc                          - Undefined Weak Reference
    _initio                                   - Undefined Weak Reference
    _rand_init                                - Undefined Weak Reference
    _signal_finish                            - Undefined Weak Reference
    _signal_init                              - Undefined Weak Reference
    _terminate_alloc                          - Undefined Weak Reference
    _terminate_user_alloc                     - Undefined Weak Reference
    _terminateio                              - Undefined Weak Reference
    __Vectors_End                            0x0000026c   Data           0  startup_tm4c123.o(RESET)
    __Vectors_Size                           0x0000026c   Number         0  startup_tm4c123.o ABSOLUTE
    __main                                   0x0000026d   Thumb Code     8  __main.o(!!!main)
    __scatterload                            0x00000275   Thumb Code     0  __scatter.o(!!!scatter)
    __scatterload_rt2                        0x00000275   Thumb Code    44  __scatter.o(!!!scatter)
    __scatterload_rt2_thumb_only             0x00000275   Thumb Code     0  __scatter.o(!!!scatter)
    __scatterload_null                       0x00000283   Thumb Code     0  __scatter.o(!!!scatter)
    __scatterload_copy                       0x000002a9   Thumb Code    26  __scatter_copy.o(!!handler_copy)
    __scatterload_zeroinit                   0x000002c5   Thumb Code    28  __scatter_zi.o(!!handler_zi)
    __rt_lib_init                            0x000002e1   Thumb Code     0  libinit.o(.ARM.Collect$$libinit$$00000000)
    __rt_lib_init_fp_1                       0x000002e3   Thumb Code     0  libinit2.o(.ARM.Collect$$libinit$$00000001)
    __rt_lib_init_alloca_1                   0x000002e7   Thumb Code     0  libinit2.o(.ARM.Collect$$libinit$$0000002E)
    __rt_lib_init_argv_1                     0x000002e7   Thumb Code     0  libinit2.o(.ARM.Collect$$libinit$$0000002C)
    __rt_lib_init_atexit_1                   0x000002e7   Thumb Code     0  libinit2.o(.ARM.Collect$$libinit$$0000001B)
    __rt_lib_init_clock_1                    0x000002e7   Thumb Code     0  libinit2.o(.ARM.Collect$$libinit$$00000021)
    __rt_lib_init_cpp_1                      0x000002e7   Thumb Code     0  libinit2.o(.ARM.Collect$$libinit$$00000032)
    __rt_lib_init_exceptions_1               0x000002e7   Thumb Code     0  libinit2.o(.ARM.Collect$$libinit$$00000030)
    __rt_lib_init_fp_trap_1                  0x000002e7   Thumb Code     0  libinit2.o(.ARM.Collect$$libinit$$0000001F)
    __rt_lib_init_getenv_1                   0x000002e7   Thumb Code     0  libinit2.o(.ARM.Collect$$libinit$$00000023)
    __rt_lib_init_heap_1                     0x000002e7   Thumb Code     0  libinit2.o(.ARM.Collect$$libinit$$0000000A)
    __rt_lib_init_lc_collate_1               0x000002e7   Thumb Code     0  libinit2.o(.ARM.Collect$$libinit$$00000011)
    __rt_lib_init_lc_ctype_1                 0x000002e7   Thumb Code     0  libinit2.o(.ARM.Collect$$libinit$$00000013)
    __rt_lib_init_lc_monetary_1              0x000002e7   Thumb Code     0  libinit2.o(.ARM.Collect$$libinit$$00000015)
    __rt_lib_init_lc_numeric_1               0x000002e7   Thumb Code     0  libinit2.o(.ARM.Collect$$libinit$$00000017)
    __rt_lib_init_lc_time_1                  0x000002e7   Thumb Code     0  libinit2.o(.ARM.Collect$$libinit$$00000019)
    __rt_lib_init_preinit_1                  0x000002e7   Thumb Code     0  libinit2.o(.ARM.Collect$$libinit$$00000004)
    __rt_lib_init_rand_1                     0x000002e7   Thumb Code     0  libinit2.o(.ARM.Collect$$libinit$$0000000E)
    __rt_lib_init_return                     0x000002e7   Thumb Code     0  libinit2.o(.ARM.Collect$$libinit$$00000033)
    __rt_lib_init_signal_1                   0x000002e7   Thumb Code     0  libinit2.o(.ARM.Collect$$libinit$$0000001D)
    __rt_lib_init_stdio_1                    0x000002e7   Thumb Code     0  libinit2.o(.ARM.Collect$$libinit$$00000025)
    __rt_lib_init_user_alloc_1               0x000002e7   Thumb Code     0  libinit2.o(.ARM.Collect$$libinit$$0000000C)
    __rt_lib_shutdown                        0x000002e9   Thumb Code     0  libshutdown.o(.ARM.Collect$$libshutdown$$00000000)
    __rt_lib_shutdown_cpp_1                  0x000002eb   Thumb Code     0  libshutdown2.o(.ARM.Collect$$libshutdown$$00000002)
    __rt_lib_shutdown_fp_trap_1              0x000002eb   Thumb Code     0  libshutdown2.o(.ARM.Collect$$libshutdown$$00000007)
    __rt_lib_shutdown_heap_1                 0x000002eb   Thumb Code     0  libshutdown2.o(.ARM.Collect$$libshutdown$$0000000F)
    __rt_lib_shutdown_return                 0x000002eb   Thumb Code     0  libshutdown2.o(.ARM.Collect$$libshutdown$$00000010)
    __rt_lib_shutdown_signal_1               0x000002eb   Thumb Code     0  libshutdown2.o(.ARM.Collect$$libshutdown$$0000000A)
    __rt_lib_shutdown_stdio_1                0x000002eb   Thumb Code     0  libshutdown2.o(.ARM.Collect$$libshutdown$$00000004)
    __rt_lib_shutdown_user_alloc_1           0x000002eb   Thumb Code     0  libshutdown2.o(.ARM.Collect$$libshutdown$$0000000C)
    __rt_entry                               0x000002ed   Thumb Code     0  __rtentry.o(.ARM.Collect$$rtentry$$00000000)
    __rt_entry_presh_1                       0x000002ed   Thumb Code     0  __rtentry2.o(.ARM.Collect$$rtentry$$00000002)
    __rt_entry_sh                            0x000002ed   Thumb Code     0  __rtentry4.o(.ARM.Collect$$rtentry$$00000004)
    __rt_entry_postsh_1                      0x000002f3   Thumb Code     0  __rtentry2.o(.ARM.Collect$$rtentry$$00000008)
    __rt_entry_li                            0x000002fb   Thumb Code     0  __rtentry2.o(.ARM.Collect$$rtentry$$0000000A)
    __rt_entry_main                          0x000002ff   Thumb Code     0  __rtentry2.o(.ARM.Collect$$rtentry$$0000000D)
    __rt_entry_postli_1                      0x000002ff   Thumb Code     0  __rtentry2.o(.ARM.Collect$$rtentry$$0000000C)
    __rt_exit                                0x00000307   Thumb Code     0  rtexit.o(.ARM.Collect$$rtexit$$00000000)
    __rt_exit_ls                             0x00000309   Thumb Code     0  rtexit2.o(.ARM.Collect$$rtexit$$00000003)
    __rt_exit_prels_1                        0x00000309   Thumb Code     0  rtexit2.o(.ARM.Collect$$rtexit$$00000002)
    __rt_exit_exit                           0x0000030d   Thumb Code     0  rtexit2.o(.ARM.Collect$$rtexit$$00000004)
    SysCtlDelay                              0x00000315   Thumb Code     6  sysctl.o(.emb_text)
    Reset_Handler                            0x0000031d   Thumb Code     8  startup_tm4c123.o(.text)
    NMI_Handler                              0x00000325   Thumb Code     2  startup_tm4c123.o(.text)
    HardFault_Handler                        0x00000327   Thumb Code     2  startup_tm4c123.o(.text)
    MemManage_Handler                        0x00000329   Thumb Code     2  startup_tm4c123.o(.text)
    BusFault_Handler                         0x0000032b   Thumb Code     2  startup_tm4c123.o(.text)
    UsageFault_Handler                       0x0000032d   Thumb Code     2  startup_tm4c123.o(.text)
    DebugMon_Handler                         0x00000331   Thumb Code     2  startup_tm4c123.o(.text)
    GPIOA_Handler                            0x00000337   Thumb Code     2  startup_tm4c123.o(.text)
    GPIOB_Handler                            0x00000339   Thumb Code     2  startup_tm4c123.o(.text)
    GPIOC_Handler                            0x0000033b   Thumb Code     2  startup_tm4c123.o(.text)
    GPIOD_Handler                            0x0000033d   Thumb Code     2  startup_tm4c123.o(.text)
    GPIOE_Handler                            0x0000033f   Thumb Code     2  startup_tm4c123.o(.text)
    UART0_Handler                            0x00000341   Thumb Code     2  startup_tm4c123.o(.text)
    UART1_Handler                            0x00000343   Thumb Code     2  startup_tm4c123.o(.text)
    SSI0_Handler                             0x00000345   Thumb Code     2  startup_tm4c123.o(.text)
    I2C0_Handler                             0x00000347   Thumb Code     2  startup_tm4c123.o(.text)
    PMW0_FAULT_Handler                       0x00000349   Thumb Code     2  startup_tm4c123.o(.text)
    PWM0_0_Handler                           0x0000034b   Thumb Code     2  startup_tm4c123.o(.text)
    PWM0_1_Handler                           0x0000034d   Thumb Code     2  startup_tm4c123.o(.text)
    PWM0_2_Handler                           0x0000034f   Thumb Code     2  startup_tm4c123.o(.text)
    QEI0_Handler                             0x00000351   Thumb Code     2  startup_tm4c123.o(.text)
    ADC0SS0_Handler                          0x00000353   Thumb Code     2  startup_tm4c123.o(.text)
    ADC0SS1_Handler                          0x00000355   Thumb Code     2  startup_tm4c123.o(.text)
    ADC0SS2_Handler                          0x00000357   Thumb Code     2  startup_tm4c123.o(.text)
    ADC0SS3_Handler                          0x00000359   Thumb Code     2  startup_tm4c123.o(.text)
    WDT0_Handler                             0x0000035b   Thumb Code     2  startup_tm4c123.o(.text)
    TIMER0A_Handler                          0x0000035d   Thumb Code     2  startup_tm4c123.o(.text)
    TIMER0B_Handler                          0x0000035f   Thumb Code     2  startup_tm4c123.o(.text)
    TIMER1A_Handler                          0x00000361   Thumb Code     2  startup_tm4c123.o(.text)
    TIMER1B_Handler                          0x00000363   Thumb Code     2  startup_tm4c123.o(.text)
    TIMER2A_Handler                          0x00000365   Thumb Code     2  startup_tm4c123.o(.text)
    TIMER2B_Handler                          0x00000367   Thumb Code     2  startup_tm4c123.o(.text)
    COMP0_Handler                            0x00000369   Thumb Code     2  startup_tm4c123.o(.text)
    COMP1_Handler                            0x0000036b   Thumb Code     2  startup_tm4c123.o(.text)
    COMP2_Handler                            0x0000036d   Thumb Code     2  startup_tm4c123.o(.text)
    SYSCTL_Handler                           0x0000036f   Thumb Code     2  startup_tm4c123.o(.text)
    FLASH_Handler                            0x00000371   Thumb Code     2  startup_tm4c123.o(.text)
    GPIOF_Handler                            0x00000373   Thumb Code     2  startup_tm4c123.o(.text)
    GPIOG_Handler                            0x00000375   Thumb Code     2  startup_tm4c123.o(.text)
    GPIOH_Handler                            0x00000377   Thumb Code     2  startup_tm4c123.o(.text)
    UART2_Handler                            0x00000379   Thumb Code     2  startup_tm4c123.o(.text)
    SSI1_Handler                             0x0000037b   Thumb Code     2  startup_tm4c123.o(.text)
    TIMER3A_Handler                          0x0000037d   Thumb Code     2  startup_tm4c123.o(.text)
    TIMER3B_Handler                          0x0000037f   Thumb Code     2  startup_tm4c123.o(.text)
    I2C1_Handler                             0x00000381   Thumb Code     2  startup_tm4c123.o(.text)
    QEI1_Handler                             0x00000383   Thumb Code     2  startup_tm4c123.o(.text)
    CAN0_Handler                             0x00000385   Thumb Code     2  startup_tm4c123.o(.text)
    CAN1_Handler                             0x00000387   Thumb Code     2  startup_tm4c123.o(.text)
    CAN2_Handler                             0x00000389   Thumb Code     2  startup_tm4c123.o(.text)
    HIB_Handler                              0x0000038b   Thumb Code     2  startup_tm4c123.o(.text)
    USB0_Handler                             0x0000038d   Thumb Code     2  startup_tm4c123.o(.text)
    PWM0_3_Handler                           0x0000038f   Thumb Code     2  startup_tm4c123.o(.text)
    UDMA_Handler                             0x00000391   Thumb Code     2  startup_tm4c123.o(.text)
    UDMAERR_Handler                          0x00000393   Thumb Code     2  startup_tm4c123.o(.text)
    ADC1SS0_Handler                          0x00000395   Thumb Code     2  startup_tm4c123.o(.text)
    ADC1SS1_Handler                          0x00000397   Thumb Code     2  startup_tm4c123.o(.text)
    ADC1SS2_Handler                          0x00000399   Thumb Code     2  startup_tm4c123.o(.text)
    ADC1SS3_Handler                          0x0000039b   Thumb Code     2  startup_tm4c123.o(.text)
    GPIOJ_Handler                            0x0000039d   Thumb Code     2  startup_tm4c123.o(.text)
    GPIOK_Handler                            0x0000039f   Thumb Code     2  startup_tm4c123.o(.text)
    GPIOL_Handler                            0x000003a1   Thumb Code     2  startup_tm4c123.o(.text)
    SSI2_Handler                             0x000003a3   Thumb Code     2  startup_tm4c123.o(.text)
    SSI3_Handler                             0x000003a5   Thumb Code     2  startup_tm4c123.o(.text)
    UART3_Handler                            0x000003a7   Thumb Code     2  startup_tm4c123.o(.text)
    UART4_Handler                            0x000003a9   Thumb Code     2  startup_tm4c123.o(.text)
    UART5_Handler                            0x000003ab   Thumb Code     2  startup_tm4c123.o(.text)
    UART6_Handler                            0x000003ad   Thumb Code     2  startup_tm4c123.o(.text)
    UART7_Handler                            0x000003af   Thumb Code     2  startup_tm4c123.o(.text)
    I2C2_Handler                             0x000003b1   Thumb Code     2  startup_tm4c123.o(.text)
    I2C3_Handler                             0x000003b3   Thumb Code     2  startup_tm4c123.o(.text)
    TIMER4A_Handler                          0x000003b5   Thumb Code     2  startup_tm4c123.o(.text)
    TIMER4B_Handler                          0x000003b7   Thumb Code     2  startup_tm4c123.o(.text)
    TIMER5A_Handler                          0x000003b9   Thumb Code     2  startup_tm4c123.o(.text)
    TIMER5B_Handler                          0x000003bb   Thumb Code     2  startup_tm4c123.o(.text)
    WTIMER0A_Handler                         0x000003bd   Thumb Code     2  startup_tm4c123.o(.text)
    WTIMER0B_Handler                         0x000003bf   Thumb Code     2  startup_tm4c123.o(.text)
    WTIMER1A_Handler                         0x000003c1   Thumb Code     2  startup_tm4c123.o(.text)
    WTIMER1B_Handler                         0x000003c3   Thumb Code     2  startup_tm4c123.o(.text)
    WTIMER2A_Handler                         0x000003c5   Thumb Code     2  startup_tm4c123.o(.text)
    WTIMER2B_Handler                         0x000003c7   Thumb Code     2  startup_tm4c123.o(.text)
    WTIMER3A_Handler                         0x000003c9   Thumb Code     2  startup_tm4c123.o(.text)
    WTIMER3B_Handler                         0x000003cb   Thumb Code     2  startup_tm4c123.o(.text)
    WTIMER4A_Handler                         0x000003cd   Thumb Code     2  startup_tm4c123.o(.text)
    WTIMER4B_Handler                         0x000003cf   Thumb Code     2  startup_tm4c123.o(.text)
    WTIMER5A_Handler                         0x000003d1   Thumb Code     2  startup_tm4c123.o(.text)
    WTIMER5B_Handler                         0x000003d3   Thumb Code     2  startup_tm4c123.o(.text)
    FPU_Handler                              0x000003d5   Thumb Code     2  startup_tm4c123.o(.text)
    I2C4_Handler                             0x000003d7   Thumb Code     2  startup_tm4c123.o(.text)
    I2C5_Handler                             0x000003d9   Thumb Code     2  startup_tm4c123.o(.text)
    GPIOM_Handler                            0x000003db   Thumb Code     2  startup_tm4c123.o(.text)
    GPION_Handler                            0x000003dd   Thumb Code     2  startup_tm4c123.o(.text)
    QEI2_Handler                             0x000003df   Thumb Code     2  startup_tm4c123.o(.text)
    GPIOP0_Handler                           0x000003e1   Thumb Code     2  startup_tm4c123.o(.text)
    GPIOP1_Handler                           0x000003e3   Thumb Code     2  startup_tm4c123.o(.text)
    GPIOP2_Handler                           0x000003e5   Thumb Code     2  startup_tm4c123.o(.text)
    GPIOP3_Handler                           0x000003e7   Thumb Code     2  startup_tm4c123.o(.text)
    GPIOP4_Handler                           0x000003e9   Thumb Code     2  startup_tm4c123.o(.text)
    GPIOP5_Handler                           0x000003eb   Thumb Code     2  startup_tm4c123.o(.text)
    GPIOP6_Handler                           0x000003ed   Thumb Code     2  startup_tm4c123.o(.text)
    GPIOP7_Handler                           0x000003ef   Thumb Code     2  startup_tm4c123.o(.text)
    GPIOQ0_Handler                           0x000003f1   Thumb Code     2  startup_tm4c123.o(.text)
    GPIOQ1_Handler                           0x000003f3   Thumb Code     2  startup_tm4c123.o(.text)
    GPIOQ2_Handler                           0x000003f5   Thumb Code     2  startup_tm4c123.o(.text)
    GPIOQ3_Handler                           0x000003f7   Thumb Code     2  startup_tm4c123.o(.text)
    GPIOQ4_Handler                           0x000003f9   Thumb Code     2  startup_tm4c123.o(.text)
    GPIOQ5_Handler                           0x000003fb   Thumb Code     2  startup_tm4c123.o(.text)
    GPIOQ6_Handler                           0x000003fd   Thumb Code     2  startup_tm4c123.o(.text)
    GPIOQ7_Handler                           0x000003ff   Thumb Code     2  startup_tm4c123.o(.text)
    GPIOR_Handler                            0x00000401   Thumb Code     2  startup_tm4c123.o(.text)
    GPIOS_Handler                            0x00000403   Thumb Code     2  startup_tm4c123.o(.text)
    PMW1_0_Handler                           0x00000405   Thumb Code     2  startup_tm4c123.o(.text)
    PWM1_1_Handler                           0x00000407   Thumb Code     2  startup_tm4c123.o(.text)
    PWM1_2_Handler                           0x00000409   Thumb Code     2  startup_tm4c123.o(.text)
    PWM1_3_Handler                           0x0000040b   Thumb Code     2  startup_tm4c123.o(.text)
    PWM1_FAULT_Handler                       0x0000040d   Thumb Code     2  startup_tm4c123.o(.text)
    __user_initial_stackheap                 0x00000411   Thumb Code     0  startup_tm4c123.o(.text)
    __aeabi_memcpy                           0x00000431   Thumb Code     0  rt_memcpy_v6.o(.text)
    __rt_memcpy                              0x00000431   Thumb Code   138  rt_memcpy_v6.o(.text)
    _memcpy_lastbytes                        0x00000497   Thumb Code     0  rt_memcpy_v6.o(.text)
    __aeabi_memset4                          0x000004bb   Thumb Code    16  aeabi_memset4.o(.text)
    __aeabi_memset8                          0x000004bb   Thumb Code     0  aeabi_memset4.o(.text)
    __aeabi_memclr                           0x000004cb   Thumb Code     0  rt_memclr.o(.text)
    __rt_memclr                              0x000004cb   Thumb Code    68  rt_memclr.o(.text)
    _memset                                  0x000004cf   Thumb Code     0  rt_memclr.o(.text)
    __use_two_region_memory                  0x0000050f   Thumb Code     2  heapauxi.o(.text)
    __rt_heap_escrow$2region                 0x00000511   Thumb Code     2  heapauxi.o(.text)
    __rt_heap_expand$2region                 0x00000513   Thumb Code     2  heapauxi.o(.text)
    __aeabi_memcpy4                          0x00000515   Thumb Code     0  rt_memcpy_w.o(.text)
    __aeabi_memcpy8                          0x00000515   Thumb Code     0  rt_memcpy_w.o(.text)
    __rt_memcpy_w                            0x00000515   Thumb Code   100  rt_memcpy_w.o(.text)
    _memcpy_lastbytes_aligned                0x0000055d   Thumb Code     0  rt_memcpy_w.o(.text)
    __aeabi_memclr4                          0x00000579   Thumb Code     0  rt_memclr_w.o(.text)
    __aeabi_memclr8                          0x00000579   Thumb Code     0  rt_memclr_w.o(.text)
    __rt_memclr_w                            0x00000579   Thumb Code    78  rt_memclr_w.o(.text)
    _memset_w                                0x0000057d   Thumb Code     0  rt_memclr_w.o(.text)
    __user_setup_stackheap                   0x000005c7   Thumb Code    74  sys_stackheap_outer.o(.text)
    exit                                     0x00000611   Thumb Code    18  exit.o(.text)
    __user_libspace                          0x00000625   Thumb Code     8  libspace.o(.text)
    __user_perproc_libspace                  0x00000625   Thumb Code     0  libspace.o(.text)
    _sys_exit                                0x0000062d   Thumb Code     8  sys_exit.o(.text)
    __I$use$semihosting                      0x00000639   Thumb Code     0  use_no_semi.o(.text)
    __use_no_semihosting_swi                 0x00000639   Thumb Code     2  use_no_semi.o(.text)
    __semihosting_library_function           0x0000063b   Thumb Code     0  indicate_semi.o(.text)
    _fp_init                                 0x0000063d   Thumb Code    22  clib_os.o(.text.$Sub$$_fp_init)
    Button_Task                              0x00000655   Thumb Code   120  rr.o(.text.Button_Task)
    PIR_Task                                 0x000006cd   Thumb Code   128  rr.o(.text.PIR_Task)
    PendSV_Handler                           0x0000074d   Thumb Code    96  port.o(.text.PendSV_Handler)
    PortD_Init                               0x000007ad   Thumb Code    42  rr.o(.text.PortD_Init)
    PortE_Init                               0x000007d9   Thumb Code    62  rr.o(.text.PortE_Init)
    PortF_Init                               0x00000819   Thumb Code    98  rr.o(.text.PortF_Init)
    SVC_Handler                              0x0000087d   Thumb Code    32  port.o(.text.SVC_Handler)
    Smoke_Task                               0x0000089d   Thumb Code   128  rr.o(.text.Smoke_Task)
    Sound_Task                               0x0000091d   Thumb Code   112  rr.o(.text.Sound_Task)
    SysTick_Handler                          0x0000098d   Thumb Code    26  cmsis_os2.o(.text.SysTick_Handler)
    SystemInit                               0x000009a9   Thumb Code   112  system_tm4c123.o(.text.SystemInit)
    UART3_Init                               0x00000a19   Thumb Code   104  rr.o(.text.UART3_Init)
    UART3_OutChar                            0x00000a81   Thumb Code    18  rr.o(.text.UART3_OutChar)
    UART3_OutString                          0x00000a95   Thumb Code    60  rr.o(.text.UART3_OutString)
    _mutex_acquire                           0x00000ad1   Thumb Code    32  clib_os.o(.text._mutex_acquire)
    _mutex_free                              0x00000af1   Thumb Code    50  clib_os.o(.text._mutex_free)
    _mutex_initialize                        0x00000b25   Thumb Code    88  clib_os.o(.text._mutex_initialize)
    _mutex_release                           0x00000b7d   Thumb Code    34  clib_os.o(.text._mutex_release)
    _platform_post_stackheap_init            0x00000ba1   Thumb Code     2  clib_os.o(.text._platform_post_stackheap_init)
    delay_ms                                 0x00000ba5   Thumb Code    20  rr.o(.text.delay_ms)
    main                                     0x00000bc5   Thumb Code   204  rr.o(.text.main)
    pvPortMalloc                             0x0000175d   Thumb Code   334  heap_4.o(.text.pvPortMalloc)
    pvTaskIncrementMutexHeldCount            0x000018ad   Thumb Code    24  tasks.o(.text.pvTaskIncrementMutexHeldCount)
    pxPortInitialiseStack                    0x000018c5   Thumb Code    40  port.o(.text.pxPortInitialiseStack)
    uxListRemove                             0x000018ed   Thumb Code    38  list.o(.text.uxListRemove)
    vApplicationGetIdleTaskMemory            0x00001915   Thumb Code    26  tasks.o(.text.vApplicationGetIdleTaskMemory)
    vApplicationGetTimerTaskMemory           0x00001931   Thumb Code    26  tasks.o(.text.vApplicationGetTimerTaskMemory)
    vApplicationStackOverflowHook            0x0000194d   Thumb Code     4  cmsis_os2.o(.text.vApplicationStackOverflowHook)
    vListInitialise                          0x00001951   Thumb Code    22  list.o(.text.vListInitialise)
    vListInitialiseItem                      0x00001969   Thumb Code     6  list.o(.text.vListInitialiseItem)
    vListInsert                              0x00001971   Thumb Code    58  list.o(.text.vListInsert)
    vPortEnterCritical                       0x000019c1   Thumb Code    54  port.o(.text.vPortEnterCritical)
    vPortExitCritical                        0x000019f9   Thumb Code    32  port.o(.text.vPortExitCritical)
    vPortFree                                0x00001a19   Thumb Code   126  heap_4.o(.text.vPortFree)
    vPortSetupTimerInterrupt                 0x00001a99   Thumb Code    52  port.o(.text.vPortSetupTimerInterrupt)
    vQueueDelete                             0x00001acd   Thumb Code    20  queue.o(.text.vQueueDelete)
    vQueueWaitForMessageRestricted           0x00001ae1   Thumb Code    68  queue.o(.text.vQueueWaitForMessageRestricted)
    vTaskDelay                               0x00001b25   Thumb Code    68  tasks.o(.text.vTaskDelay)
    vTaskInternalSetTimeOutState             0x00001b69   Thumb Code    26  tasks.o(.text.vTaskInternalSetTimeOutState)
    vTaskMissedYield                         0x00001b85   Thumb Code    14  tasks.o(.text.vTaskMissedYield)
    vTaskPlaceOnEventList                    0x00001b95   Thumb Code    34  tasks.o(.text.vTaskPlaceOnEventList)
    vTaskPlaceOnEventListRestricted          0x00001bb9   Thumb Code    82  tasks.o(.text.vTaskPlaceOnEventListRestricted)
    vTaskPriorityDisinheritAfterTimeout      0x00001c0d   Thumb Code   152  tasks.o(.text.vTaskPriorityDisinheritAfterTimeout)
    vTaskStartScheduler                      0x00001ca5   Thumb Code    96  tasks.o(.text.vTaskStartScheduler)
    vTaskSuspendAll                          0x00001d05   Thumb Code    16  tasks.o(.text.vTaskSuspendAll)
    vTaskSwitchContext                       0x00001d15   Thumb Code   206  tasks.o(.text.vTaskSwitchContext)
    xPortStartScheduler                      0x00001de5   Thumb Code   284  port.o(.text.xPortStartScheduler)
    xPortSysTickHandler                      0x00001f01   Thumb Code    46  port.o(.text.xPortSysTickHandler)
    xQueueCreateMutex                        0x00001f31   Thumb Code    22  queue.o(.text.xQueueCreateMutex)
    xQueueCreateMutexStatic                  0x00001f49   Thumb Code    34  queue.o(.text.xQueueCreateMutexStatic)
    xQueueGenericCreate                      0x00001f6d   Thumb Code    78  queue.o(.text.xQueueGenericCreate)
    xQueueGenericCreateStatic                0x00001fbd   Thumb Code    74  queue.o(.text.xQueueGenericCreateStatic)
    xQueueGenericReset                       0x00002009   Thumb Code   154  queue.o(.text.xQueueGenericReset)
    xQueueGenericSend                        0x000020a5   Thumb Code   358  queue.o(.text.xQueueGenericSend)
    xQueueReceive                            0x0000220d   Thumb Code   328  queue.o(.text.xQueueReceive)
    xQueueSemaphoreTake                      0x00002355   Thumb Code   378  queue.o(.text.xQueueSemaphoreTake)
    xTaskCheckForTimeOut                     0x000024d1   Thumb Code   138  tasks.o(.text.xTaskCheckForTimeOut)
    xTaskCreate                              0x0000255d   Thumb Code    36  tasks.o(.text.xTaskCreate)
    xTaskCreateStatic                        0x00002581   Thumb Code    42  tasks.o(.text.xTaskCreateStatic)
    xTaskGetSchedulerState                   0x000025ad   Thumb Code    38  tasks.o(.text.xTaskGetSchedulerState)
    xTaskGetTickCount                        0x000025d5   Thumb Code    12  tasks.o(.text.xTaskGetTickCount)
    xTaskIncrementTick                       0x000025e1   Thumb Code   412  tasks.o(.text.xTaskIncrementTick)
    xTaskPriorityDisinherit                  0x0000277d   Thumb Code   136  tasks.o(.text.xTaskPriorityDisinherit)
    xTaskPriorityInherit                     0x00002805   Thumb Code   166  tasks.o(.text.xTaskPriorityInherit)
    xTaskRemoveFromEventList                 0x000028ad   Thumb Code   228  tasks.o(.text.xTaskRemoveFromEventList)
    xTaskResumeAll                           0x00002991   Thumb Code   356  tasks.o(.text.xTaskResumeAll)
    xTimerCreateTimerTask                    0x00002af5   Thumb Code   112  timers.o(.text.xTimerCreateTimerTask)
    GPIODirModeSet                           0x00002b65   Thumb Code    40  gpio.o(i.GPIODirModeSet)
    GPIOPadConfigSet                         0x00002b8d   Thumb Code   314  gpio.o(i.GPIOPadConfigSet)
    GPIOPinConfigure                         0x00002cc9   Thumb Code    64  gpio.o(i.GPIOPinConfigure)
    GPIOPinTypeGPIOInput                     0x00002d11   Thumb Code    28  gpio.o(i.GPIOPinTypeGPIOInput)
    GPIOPinTypeGPIOOutput                    0x00002d2d   Thumb Code    28  gpio.o(i.GPIOPinTypeGPIOOutput)
    GPIOPinTypeUART                          0x00002d49   Thumb Code    28  gpio.o(i.GPIOPinTypeUART)
    GPIOPinWrite                             0x00002d65   Thumb Code     6  gpio.o(i.GPIOPinWrite)
    SysCtlClockGet                           0x00002d6d   Thumb Code   314  sysctl.o(i.SysCtlClockGet)
    SysCtlClockSet                           0x00002ed1   Thumb Code   270  sysctl.o(i.SysCtlClockSet)
    SysCtlPeripheralEnable                   0x00002ff1   Thumb Code    36  sysctl.o(i.SysCtlPeripheralEnable)
    SysCtlPeripheralReady                    0x00003019   Thumb Code    40  sysctl.o(i.SysCtlPeripheralReady)
    UARTCharPut                              0x00003045   Thumb Code    12  uart.o(i.UARTCharPut)
    UARTConfigSetExpClk                      0x00003051   Thumb Code   110  uart.o(i.UARTConfigSetExpClk)
    UARTEnable                               0x000030bf   Thumb Code    20  uart.o(i.UARTEnable)
    $Super$$_fp_init                         0x000030d3   Thumb Code    26  fpinit.o(x$fpl$fpinit)
    __fplib_config_fpu_vfp                   0x000030eb   Thumb Code     0  fpinit.o(x$fpl$fpinit)
    __fplib_config_pureend_doubles           0x000030eb   Thumb Code     0  fpinit.o(x$fpl$fpinit)
    Region$$Table$$Base                      0x000034c4   Number         0  anon$$obj.o(Region$$Table)
    Region$$Table$$Limit                     0x000034e4   Number         0  anon$$obj.o(Region$$Table)
    SystemCoreClock                          0x20000000   Data           4  system_tm4c123.o(.data.SystemCoreClock)
    __libspace_start                         0x20000008   Data          96  libspace.o(.bss)
    __temporary_stack_top$libspace           0x20000068   Data           0  libspace.o(.bss)
    ledMutex                                 0x2000020c   Data           4  rr.o(.bss.ledMutex)
    pxCurrentTCB                             0x200002b4   Data           4  tasks.o(.bss.pxCurrentTCB)
    uartMutex                                0x2000072c   Data           4  rr.o(.bss.uartMutex)



==============================================================================

Memory Map of the image

  Image Entry point : 0x0000031d

  Load Region LR_1 (Base: 0x00000000, Size: 0x000034ec, Max: 0xffffffff, ABSOLUTE)

    Execution Region ER_RO (Exec base: 0x00000000, Load base: 0x00000000, Size: 0x000034e4, Max: 0xffffffff, ABSOLUTE)

    Exec Addr    Load Addr    Size         Type   Attr      Idx    E Section Name        Object

    0x00000000   0x00000000   0x0000026c   Data   RO          261    RESET               startup_tm4c123.o
    0x0000026c   0x0000026c   0x00000008   Code   RO         1861  * !!!main             c_w.l(__main.o)
    0x00000274   0x00000274   0x00000034   Code   RO         2026    !!!scatter          c_w.l(__scatter.o)
    0x000002a8   0x000002a8   0x0000001a   Code   RO         2028    !!handler_copy      c_w.l(__scatter_copy.o)
    0x000002c2   0x000002c2   0x00000002   PAD
    0x000002c4   0x000002c4   0x0000001c   Code   RO         2030    !!handler_zi        c_w.l(__scatter_zi.o)
    0x000002e0   0x000002e0   0x00000002   Code   RO         1892    .ARM.Collect$$libinit$$00000000  c_w.l(libinit.o)
    0x000002e2   0x000002e2   0x00000004   Code   RO         1898    .ARM.Collect$$libinit$$00000001  c_w.l(libinit2.o)
    0x000002e6   0x000002e6   0x00000000   Code   RO         1901    .ARM.Collect$$libinit$$00000004  c_w.l(libinit2.o)
    0x000002e6   0x000002e6   0x00000000   Code   RO         1904    .ARM.Collect$$libinit$$0000000A  c_w.l(libinit2.o)
    0x000002e6   0x000002e6   0x00000000   Code   RO         1906    .ARM.Collect$$libinit$$0000000C  c_w.l(libinit2.o)
    0x000002e6   0x000002e6   0x00000000   Code   RO         1908    .ARM.Collect$$libinit$$0000000E  c_w.l(libinit2.o)
    0x000002e6   0x000002e6   0x00000000   Code   RO         1911    .ARM.Collect$$libinit$$00000011  c_w.l(libinit2.o)
    0x000002e6   0x000002e6   0x00000000   Code   RO         1913    .ARM.Collect$$libinit$$00000013  c_w.l(libinit2.o)
    0x000002e6   0x000002e6   0x00000000   Code   RO         1915    .ARM.Collect$$libinit$$00000015  c_w.l(libinit2.o)
    0x000002e6   0x000002e6   0x00000000   Code   RO         1917    .ARM.Collect$$libinit$$00000017  c_w.l(libinit2.o)
    0x000002e6   0x000002e6   0x00000000   Code   RO         1919    .ARM.Collect$$libinit$$00000019  c_w.l(libinit2.o)
    0x000002e6   0x000002e6   0x00000000   Code   RO         1921    .ARM.Collect$$libinit$$0000001B  c_w.l(libinit2.o)
    0x000002e6   0x000002e6   0x00000000   Code   RO         1923    .ARM.Collect$$libinit$$0000001D  c_w.l(libinit2.o)
    0x000002e6   0x000002e6   0x00000000   Code   RO         1925    .ARM.Collect$$libinit$$0000001F  c_w.l(libinit2.o)
    0x000002e6   0x000002e6   0x00000000   Code   RO         1927    .ARM.Collect$$libinit$$00000021  c_w.l(libinit2.o)
    0x000002e6   0x000002e6   0x00000000   Code   RO         1929    .ARM.Collect$$libinit$$00000023  c_w.l(libinit2.o)
    0x000002e6   0x000002e6   0x00000000   Code   RO         1931    .ARM.Collect$$libinit$$00000025  c_w.l(libinit2.o)
    0x000002e6   0x000002e6   0x00000000   Code   RO         1935    .ARM.Collect$$libinit$$0000002C  c_w.l(libinit2.o)
    0x000002e6   0x000002e6   0x00000000   Code   RO         1937    .ARM.Collect$$libinit$$0000002E  c_w.l(libinit2.o)
    0x000002e6   0x000002e6   0x00000000   Code   RO         1939    .ARM.Collect$$libinit$$00000030  c_w.l(libinit2.o)
    0x000002e6   0x000002e6   0x00000000   Code   RO         1941    .ARM.Collect$$libinit$$00000032  c_w.l(libinit2.o)
    0x000002e6   0x000002e6   0x00000002   Code   RO         1942    .ARM.Collect$$libinit$$00000033  c_w.l(libinit2.o)
    0x000002e8   0x000002e8   0x00000002   Code   RO         1962    .ARM.Collect$$libshutdown$$00000000  c_w.l(libshutdown.o)
    0x000002ea   0x000002ea   0x00000000   Code   RO         1977    .ARM.Collect$$libshutdown$$00000002  c_w.l(libshutdown2.o)
    0x000002ea   0x000002ea   0x00000000   Code   RO         1979    .ARM.Collect$$libshutdown$$00000004  c_w.l(libshutdown2.o)
    0x000002ea   0x000002ea   0x00000000   Code   RO         1982    .ARM.Collect$$libshutdown$$00000007  c_w.l(libshutdown2.o)
    0x000002ea   0x000002ea   0x00000000   Code   RO         1985    .ARM.Collect$$libshutdown$$0000000A  c_w.l(libshutdown2.o)
    0x000002ea   0x000002ea   0x00000000   Code   RO         1987    .ARM.Collect$$libshutdown$$0000000C  c_w.l(libshutdown2.o)
    0x000002ea   0x000002ea   0x00000000   Code   RO         1990    .ARM.Collect$$libshutdown$$0000000F  c_w.l(libshutdown2.o)
    0x000002ea   0x000002ea   0x00000002   Code   RO         1991    .ARM.Collect$$libshutdown$$00000010  c_w.l(libshutdown2.o)
    0x000002ec   0x000002ec   0x00000000   Code   RO         1865    .ARM.Collect$$rtentry$$00000000  c_w.l(__rtentry.o)
    0x000002ec   0x000002ec   0x00000000   Code   RO         1871    .ARM.Collect$$rtentry$$00000002  c_w.l(__rtentry2.o)
    0x000002ec   0x000002ec   0x00000006   Code   RO         1883    .ARM.Collect$$rtentry$$00000004  c_w.l(__rtentry4.o)
    0x000002f2   0x000002f2   0x00000008   Code   RO         1872    .ARM.Collect$$rtentry$$00000008  c_w.l(__rtentry2.o)
    0x000002fa   0x000002fa   0x00000004   Code   RO         1874    .ARM.Collect$$rtentry$$0000000A  c_w.l(__rtentry2.o)
    0x000002fe   0x000002fe   0x00000000   Code   RO         1876    .ARM.Collect$$rtentry$$0000000C  c_w.l(__rtentry2.o)
    0x000002fe   0x000002fe   0x00000008   Code   RO         1877    .ARM.Collect$$rtentry$$0000000D  c_w.l(__rtentry2.o)
    0x00000306   0x00000306   0x00000002   Code   RO         1896    .ARM.Collect$$rtexit$$00000000  c_w.l(rtexit.o)
    0x00000308   0x00000308   0x00000000   Code   RO         1944    .ARM.Collect$$rtexit$$00000002  c_w.l(rtexit2.o)
    0x00000308   0x00000308   0x00000004   Code   RO         1945    .ARM.Collect$$rtexit$$00000003  c_w.l(rtexit2.o)
    0x0000030c   0x0000030c   0x00000006   Code   RO         1946    .ARM.Collect$$rtexit$$00000004  c_w.l(rtexit2.o)
    0x00000312   0x00000312   0x00000002   PAD
    0x00000314   0x00000314   0x00000006   Code   RO         1094    .emb_text           driverlib.lib(sysctl.o)
    0x0000031a   0x0000031a   0x00000002   PAD
    0x0000031c   0x0000031c   0x00000114   Code   RO          262  * .text               startup_tm4c123.o
    0x00000430   0x00000430   0x0000008a   Code   RO         1853    .text               c_w.l(rt_memcpy_v6.o)
    0x000004ba   0x000004ba   0x00000010   Code   RO         1855    .text               c_w.l(aeabi_memset4.o)
    0x000004ca   0x000004ca   0x00000044   Code   RO         1857    .text               c_w.l(rt_memclr.o)
    0x0000050e   0x0000050e   0x00000006   Code   RO         1859    .text               c_w.l(heapauxi.o)
    0x00000514   0x00000514   0x00000064   Code   RO         1866    .text               c_w.l(rt_memcpy_w.o)
    0x00000578   0x00000578   0x0000004e   Code   RO         1868    .text               c_w.l(rt_memclr_w.o)
    0x000005c6   0x000005c6   0x0000004a   Code   RO         1885    .text               c_w.l(sys_stackheap_outer.o)
    0x00000610   0x00000610   0x00000012   Code   RO         1887    .text               c_w.l(exit.o)
    0x00000622   0x00000622   0x00000002   PAD
    0x00000624   0x00000624   0x00000008   Code   RO         1893    .text               c_w.l(libspace.o)
    0x0000062c   0x0000062c   0x0000000c   Code   RO         1952    .text               c_w.l(sys_exit.o)
    0x00000638   0x00000638   0x00000002   Code   RO         1967    .text               c_w.l(use_no_semi.o)
    0x0000063a   0x0000063a   0x00000000   Code   RO         1969    .text               c_w.l(indicate_semi.o)
    0x0000063a   0x0000063a   0x00000002   PAD
    0x0000063c   0x0000063c   0x00000016   Code   RO           39    .text.$Sub$$_fp_init  clib_os.o
    0x00000652   0x00000652   0x00000002   PAD
    0x00000654   0x00000654   0x00000078   Code   RO           22    .text.Button_Task   rr.o
    0x000006cc   0x000006cc   0x00000080   Code   RO           16    .text.PIR_Task      rr.o
    0x0000074c   0x0000074c   0x00000060   Code   RO          352    .text.PendSV_Handler  port.o
    0x000007ac   0x000007ac   0x0000002a   Code   RO           14    .text.PortD_Init    rr.o
    0x000007d6   0x000007d6   0x00000002   PAD
    0x000007d8   0x000007d8   0x0000003e   Code   RO           12    .text.PortE_Init    rr.o
    0x00000816   0x00000816   0x00000002   PAD
    0x00000818   0x00000818   0x00000062   Code   RO           10    .text.PortF_Init    rr.o
    0x0000087a   0x0000087a   0x00000002   PAD
    0x0000087c   0x0000087c   0x00000020   Code   RO          348    .text.SVC_Handler   port.o
    0x0000089c   0x0000089c   0x00000080   Code   RO           18    .text.Smoke_Task    rr.o
    0x0000091c   0x0000091c   0x00000070   Code   RO           20    .text.Sound_Task    rr.o
    0x0000098c   0x0000098c   0x0000001a   Code   RO           67    .text.SysTick_Handler  cmsis_os2.o
    0x000009a6   0x000009a6   0x00000002   PAD
    0x000009a8   0x000009a8   0x00000070   Code   RO          273    .text.SystemInit    system_tm4c123.o
    0x00000a18   0x00000a18   0x00000068   Code   RO            4    .text.UART3_Init    rr.o
    0x00000a80   0x00000a80   0x00000012   Code   RO            6    .text.UART3_OutChar  rr.o
    0x00000a92   0x00000a92   0x00000002   PAD
    0x00000a94   0x00000a94   0x0000003c   Code   RO            8    .text.UART3_OutString  rr.o
    0x00000ad0   0x00000ad0   0x00000020   Code   RO           47    .text._mutex_acquire  clib_os.o
    0x00000af0   0x00000af0   0x00000032   Code   RO           53    .text._mutex_free   clib_os.o
    0x00000b22   0x00000b22   0x00000002   PAD
    0x00000b24   0x00000b24   0x00000058   Code   RO           45    .text._mutex_initialize  clib_os.o
    0x00000b7c   0x00000b7c   0x00000022   Code   RO           51    .text._mutex_release  clib_os.o
    0x00000b9e   0x00000b9e   0x00000002   PAD
    0x00000ba0   0x00000ba0   0x00000002   Code   RO           37    .text._platform_post_stackheap_init  clib_os.o
    0x00000ba2   0x00000ba2   0x00000002   PAD
    0x00000ba4   0x00000ba4   0x00000014   Code   RO            2    .text.delay_ms      rr.o
    0x00000bb8   0x00000bb8   0x0000000c   Code   RO           49    .text.is_thread_mode  clib_os.o
    0x00000bc4   0x00000bc4   0x000000cc   Code   RO           24    .text.main          rr.o
    0x00000c90   0x00000c90   0x00000010   Code   RO           43    .text.os_kernel_is_active  clib_os.o
    0x00000ca0   0x00000ca0   0x000000b2   Code   RO          526    .text.prvAddCurrentTaskToDelayedList  tasks.o
    0x00000d52   0x00000d52   0x00000002   PAD
    0x00000d54   0x00000d54   0x000000cc   Code   RO          510    .text.prvAddNewTaskToReadyList  tasks.o
    0x00000e20   0x00000e20   0x0000006a   Code   RO          689    .text.prvCheckForValidListAndQueue  timers.o
    0x00000e8a   0x00000e8a   0x00000002   PAD
    0x00000e8c   0x00000e8c   0x0000004e   Code   RO          560    .text.prvCheckTasksWaitingTermination  tasks.o
    0x00000eda   0x00000eda   0x00000002   PAD
    0x00000edc   0x00000edc   0x00000026   Code   RO          462    .text.prvCopyDataFromQueue  queue.o
    0x00000f02   0x00000f02   0x00000002   PAD
    0x00000f04   0x00000f04   0x0000007a   Code   RO          450    .text.prvCopyDataToQueue  queue.o
    0x00000f7e   0x00000f7e   0x00000002   PAD
    0x00000f80   0x00000f80   0x0000006c   Code   RO          556    .text.prvCreateIdleTasks  tasks.o
    0x00000fec   0x00000fec   0x00000072   Code   RO          508    .text.prvCreateStaticTask  tasks.o
    0x0000105e   0x0000105e   0x00000002   PAD
    0x00001060   0x00001060   0x0000005c   Code   RO          514    .text.prvCreateTask  tasks.o
    0x000010bc   0x000010bc   0x00000026   Code   RO          520    .text.prvDeleteTCB  tasks.o
    0x000010e2   0x000010e2   0x00000002   PAD
    0x000010e4   0x000010e4   0x00000012   Code   RO          466    .text.prvGetHighestPriorityOfWaitToReceiveList  queue.o
    0x000010f6   0x000010f6   0x00000002   PAD
    0x000010f8   0x000010f8   0x00000020   Code   RO          735    .text.prvGetNextExpireTime  timers.o
    0x00001118   0x00001118   0x0000006a   Code   RO          383    .text.prvHeapInit   heap_4.o
    0x00001182   0x00001182   0x00000002   PAD
    0x00001184   0x00001184   0x0000002a   Code   RO          650    .text.prvIdleTask   tasks.o
    0x000011ae   0x000011ae   0x00000002   PAD
    0x000011b0   0x000011b0   0x00000020   Code   RO          430    .text.prvInitialiseMutex  queue.o
    0x000011d0   0x000011d0   0x00000020   Code   RO          422    .text.prvInitialiseNewQueue  queue.o
    0x000011f0   0x000011f0   0x0000008c   Code   RO          646    .text.prvInitialiseNewTask  tasks.o
    0x0000127c   0x0000127c   0x00000070   Code   RO          648    .text.prvInitialiseTaskLists  tasks.o
    0x000012ec   0x000012ec   0x00000078   Code   RO          387    .text.prvInsertBlockIntoFreeList  heap_4.o
    0x00001364   0x00001364   0x00000040   Code   RO          749    .text.prvInsertTimerInActiveList  timers.o
    0x000013a4   0x000013a4   0x00000018   Code   RO          464    .text.prvIsQueueEmpty  queue.o
    0x000013bc   0x000013bc   0x0000001c   Code   RO          452    .text.prvIsQueueFull  queue.o
    0x000013d8   0x000013d8   0x00000028   Code   RO          358    .text.prvPortStartFirstTask  port.o
    0x00001400   0x00001400   0x0000003e   Code   RO          743    .text.prvProcessExpiredTimer  timers.o
    0x0000143e   0x0000143e   0x00000002   PAD
    0x00001440   0x00001440   0x00000118   Code   RO          739    .text.prvProcessReceivedCommands  timers.o
    0x00001558   0x00001558   0x00000080   Code   RO          737    .text.prvProcessTimerOrBlockTask  timers.o
    0x000015d8   0x000015d8   0x0000003a   Code   RO          747    .text.prvReloadTimer  timers.o
    0x00001612   0x00001612   0x00000002   PAD
    0x00001614   0x00001614   0x00000026   Code   RO          518    .text.prvResetNextTaskUnblockTime  tasks.o
    0x0000163a   0x0000163a   0x00000002   PAD
    0x0000163c   0x0000163c   0x0000002a   Code   RO          741    .text.prvSampleTimeNow  timers.o
    0x00001666   0x00001666   0x00000002   PAD
    0x00001668   0x00001668   0x00000034   Code   RO          745    .text.prvSwitchTimerLists  timers.o
    0x0000169c   0x0000169c   0x00000032   Code   RO          346    .text.prvTaskExitError  port.o
    0x000016ce   0x000016ce   0x00000002   PAD
    0x000016d0   0x000016d0   0x00000016   Code   RO          691    .text.prvTimerTask  timers.o
    0x000016e6   0x000016e6   0x00000002   PAD
    0x000016e8   0x000016e8   0x00000072   Code   RO          454    .text.prvUnlockQueue  queue.o
    0x0000175a   0x0000175a   0x00000002   PAD
    0x0000175c   0x0000175c   0x0000014e   Code   RO          381    .text.pvPortMalloc  heap_4.o
    0x000018aa   0x000018aa   0x00000002   PAD
    0x000018ac   0x000018ac   0x00000018   Code   RO          624    .text.pvTaskIncrementMutexHeldCount  tasks.o
    0x000018c4   0x000018c4   0x00000028   Code   RO          344    .text.pxPortInitialiseStack  port.o
    0x000018ec   0x000018ec   0x00000026   Code   RO          334    .text.uxListRemove  list.o
    0x00001912   0x00001912   0x00000002   PAD
    0x00001914   0x00001914   0x0000001a   Code   RO          640    .text.vApplicationGetIdleTaskMemory  tasks.o
    0x0000192e   0x0000192e   0x00000002   PAD
    0x00001930   0x00001930   0x0000001a   Code   RO          642    .text.vApplicationGetTimerTaskMemory  tasks.o
    0x0000194a   0x0000194a   0x00000002   PAD
    0x0000194c   0x0000194c   0x00000004   Code   RO          221    .text.vApplicationStackOverflowHook  cmsis_os2.o
    0x00001950   0x00001950   0x00000016   Code   RO          326    .text.vListInitialise  list.o
    0x00001966   0x00001966   0x00000002   PAD
    0x00001968   0x00001968   0x00000006   Code   RO          328    .text.vListInitialiseItem  list.o
    0x0000196e   0x0000196e   0x00000002   PAD
    0x00001970   0x00001970   0x0000003a   Code   RO          332    .text.vListInsert   list.o
    0x000019aa   0x000019aa   0x00000002   PAD
    0x000019ac   0x000019ac   0x00000014   Code   RO          356    .text.vPortEnableVFP  port.o
    0x000019c0   0x000019c0   0x00000036   Code   RO          362    .text.vPortEnterCritical  port.o
    0x000019f6   0x000019f6   0x00000002   PAD
    0x000019f8   0x000019f8   0x00000020   Code   RO          364    .text.vPortExitCritical  port.o
    0x00001a18   0x00001a18   0x0000007e   Code   RO          385    .text.vPortFree     heap_4.o
    0x00001a96   0x00001a96   0x00000002   PAD
    0x00001a98   0x00001a98   0x00000034   Code   RO          354    .text.vPortSetupTimerInterrupt  port.o
    0x00001acc   0x00001acc   0x00000014   Code   RO          480    .text.vQueueDelete  queue.o
    0x00001ae0   0x00001ae0   0x00000044   Code   RO          496    .text.vQueueWaitForMessageRestricted  queue.o
    0x00001b24   0x00001b24   0x00000044   Code   RO          530    .text.vTaskDelay    tasks.o
    0x00001b68   0x00001b68   0x0000001a   Code   RO          594    .text.vTaskInternalSetTimeOutState  tasks.o
    0x00001b82   0x00001b82   0x00000002   PAD
    0x00001b84   0x00001b84   0x0000000e   Code   RO          598    .text.vTaskMissedYield  tasks.o
    0x00001b92   0x00001b92   0x00000002   PAD
    0x00001b94   0x00001b94   0x00000022   Code   RO          582    .text.vTaskPlaceOnEventList  tasks.o
    0x00001bb6   0x00001bb6   0x00000002   PAD
    0x00001bb8   0x00001bb8   0x00000052   Code   RO          586    .text.vTaskPlaceOnEventListRestricted  tasks.o
    0x00001c0a   0x00001c0a   0x00000002   PAD
    0x00001c0c   0x00001c0c   0x00000098   Code   RO          620    .text.vTaskPriorityDisinheritAfterTimeout  tasks.o
    0x00001ca4   0x00001ca4   0x00000060   Code   RO          554    .text.vTaskStartScheduler  tasks.o
    0x00001d04   0x00001d04   0x00000010   Code   RO          524    .text.vTaskSuspendAll  tasks.o
    0x00001d14   0x00001d14   0x000000ce   Code   RO          546    .text.vTaskSwitchContext  tasks.o
    0x00001de2   0x00001de2   0x00000002   PAD
    0x00001de4   0x00001de4   0x0000011c   Code   RO          350    .text.xPortStartScheduler  port.o
    0x00001f00   0x00001f00   0x0000002e   Code   RO          366    .text.xPortSysTickHandler  port.o
    0x00001f2e   0x00001f2e   0x00000002   PAD
    0x00001f30   0x00001f30   0x00000016   Code   RO          428    .text.xQueueCreateMutex  queue.o
    0x00001f46   0x00001f46   0x00000002   PAD
    0x00001f48   0x00001f48   0x00000022   Code   RO          432    .text.xQueueCreateMutexStatic  queue.o
    0x00001f6a   0x00001f6a   0x00000002   PAD
    0x00001f6c   0x00001f6c   0x0000004e   Code   RO          426    .text.xQueueGenericCreate  queue.o
    0x00001fba   0x00001fba   0x00000002   PAD
    0x00001fbc   0x00001fbc   0x0000004a   Code   RO          420    .text.xQueueGenericCreateStatic  queue.o
    0x00002006   0x00002006   0x00000002   PAD
    0x00002008   0x00002008   0x0000009a   Code   RO          418    .text.xQueueGenericReset  queue.o
    0x000020a2   0x000020a2   0x00000002   PAD
    0x000020a4   0x000020a4   0x00000166   Code   RO          440    .text.xQueueGenericSend  queue.o
    0x0000220a   0x0000220a   0x00000002   PAD
    0x0000220c   0x0000220c   0x00000148   Code   RO          460    .text.xQueueReceive  queue.o
    0x00002354   0x00002354   0x0000017a   Code   RO          444    .text.xQueueSemaphoreTake  queue.o
    0x000024ce   0x000024ce   0x00000002   PAD
    0x000024d0   0x000024d0   0x0000008a   Code   RO          596    .text.xTaskCheckForTimeOut  tasks.o
    0x0000255a   0x0000255a   0x00000002   PAD
    0x0000255c   0x0000255c   0x00000024   Code   RO          512    .text.xTaskCreate   tasks.o
    0x00002580   0x00002580   0x0000002a   Code   RO          506    .text.xTaskCreateStatic  tasks.o
    0x000025aa   0x000025aa   0x00000002   PAD
    0x000025ac   0x000025ac   0x00000026   Code   RO          614    .text.xTaskGetSchedulerState  tasks.o
    0x000025d2   0x000025d2   0x00000002   PAD
    0x000025d4   0x000025d4   0x0000000c   Code   RO          564    .text.xTaskGetTickCount  tasks.o
    0x000025e0   0x000025e0   0x0000019c   Code   RO          562    .text.xTaskIncrementTick  tasks.o
    0x0000277c   0x0000277c   0x00000088   Code   RO          618    .text.xTaskPriorityDisinherit  tasks.o
    0x00002804   0x00002804   0x000000a6   Code   RO          616    .text.xTaskPriorityInherit  tasks.o
    0x000028aa   0x000028aa   0x00000002   PAD
    0x000028ac   0x000028ac   0x000000e4   Code   RO          588    .text.xTaskRemoveFromEventList  tasks.o
    0x00002990   0x00002990   0x00000164   Code   RO          528    .text.xTaskResumeAll  tasks.o
    0x00002af4   0x00002af4   0x00000070   Code   RO          687    .text.xTimerCreateTimerTask  timers.o
    0x00002b64   0x00002b64   0x00000028   Code   RO          772    i.GPIODirModeSet    driverlib.lib(gpio.o)
    0x00002b8c   0x00002b8c   0x0000013a   Code   RO          782    i.GPIOPadConfigSet  driverlib.lib(gpio.o)
    0x00002cc6   0x00002cc6   0x00000002   PAD
    0x00002cc8   0x00002cc8   0x00000048   Code   RO          783    i.GPIOPinConfigure  driverlib.lib(gpio.o)
    0x00002d10   0x00002d10   0x0000001c   Code   RO          792    i.GPIOPinTypeGPIOInput  driverlib.lib(gpio.o)
    0x00002d2c   0x00002d2c   0x0000001c   Code   RO          793    i.GPIOPinTypeGPIOOutput  driverlib.lib(gpio.o)
    0x00002d48   0x00002d48   0x0000001c   Code   RO          808    i.GPIOPinTypeUART   driverlib.lib(gpio.o)
    0x00002d64   0x00002d64   0x00000006   Code   RO          814    i.GPIOPinWrite      driverlib.lib(gpio.o)
    0x00002d6a   0x00002d6a   0x00000002   PAD
    0x00002d6c   0x00002d6c   0x00000164   Code   RO         1097    i.SysCtlClockGet    driverlib.lib(sysctl.o)
    0x00002ed0   0x00002ed0   0x00000120   Code   RO         1099    i.SysCtlClockSet    driverlib.lib(sysctl.o)
    0x00002ff0   0x00002ff0   0x00000028   Code   RO         1128    i.SysCtlPeripheralEnable  driverlib.lib(sysctl.o)
    0x00003018   0x00003018   0x0000002c   Code   RO         1132    i.SysCtlPeripheralReady  driverlib.lib(sysctl.o)
    0x00003044   0x00003044   0x0000000c   Code   RO         1450    i.UARTCharPut       driverlib.lib(uart.o)
    0x00003050   0x00003050   0x0000006e   Code   RO         1456    i.UARTConfigSetExpClk  driverlib.lib(uart.o)
    0x000030be   0x000030be   0x00000014   Code   RO         1461    i.UARTEnable        driverlib.lib(uart.o)
    0x000030d2   0x000030d2   0x0000001a   Code   RO         1863    x$fpl$fpinit        fz_wm.l(fpinit.o)
    0x000030ec   0x000030ec   0x00000210   Data   RO          815    .constdata          driverlib.lib(gpio.o)
    0x000032fc   0x000032fc   0x000001c4   Data   RO         1149    .constdata          driverlib.lib(sysctl.o)
    0x000034c0   0x000034c0   0x00000004   Data   RO          668    .rodata.uxTopUsedPriority  tasks.o
    0x000034c4   0x000034c4   0x00000020   Data   RO         2025    Region$$Table       anon$$obj.o


    Execution Region ER_RW (Exec base: 0x20000000, Load base: 0x000034e4, Size: 0x00000008, Max: 0xffffffff, ABSOLUTE)

    Exec Addr    Load Addr    Size         Type   Attr      Idx    E Section Name        Object

    0x20000000   0x000034e4   0x00000004   Data   RW          275    .data.SystemCoreClock  system_tm4c123.o
    0x20000004   0x000034e8   0x00000004   Data   RW          372    .data.uxCriticalNesting  port.o


    Execution Region ER_ZI (Exec base: 0x20000008, Load base: 0x000034ec, Size: 0x00002ec8, Max: 0xffffffff, ABSOLUTE)

    Exec Addr    Load Addr    Size         Type   Attr      Idx    E Section Name        Object

    0x20000008        -       0x00000060   Zero   RW         1894    .bss                c_w.l(libspace.o)
    0x20000068        -       0x00000190   Zero   RW           58    .bss.clib_mutex_cb  clib_os.o
    0x200001f8        -       0x00000014   Zero   RW           57    .bss.clib_mutex_id  clib_os.o
    0x2000020c        -       0x00000004   Zero   RW           27    .bss.ledMutex       rr.o
    0x20000210        -       0x00000050   Zero   RW          759    .bss.prvCheckForValidListAndQueue.ucStaticTimerQueueStorage  timers.o
    0x20000260        -       0x00000050   Zero   RW          758    .bss.prvCheckForValidListAndQueue.xStaticTimerQueue  timers.o
    0x200002b0        -       0x00000004   Zero   RW          755    .bss.prvSampleTimeNow.xLastTime  timers.o
    0x200002b4        -       0x00000004   Zero   RW          652    .bss.pxCurrentTCB   tasks.o
    0x200002b8        -       0x00000004   Zero   RW          753    .bss.pxCurrentTimerList  timers.o
    0x200002bc        -       0x00000004   Zero   RW          660    .bss.pxDelayedTaskList  tasks.o
    0x200002c0        -       0x00000004   Zero   RW          403    .bss.pxEnd          heap_4.o
    0x200002c4        -       0x00000004   Zero   RW          661    .bss.pxOverflowDelayedTaskList  tasks.o
    0x200002c8        -       0x00000004   Zero   RW          754    .bss.pxOverflowTimerList  timers.o
    0x200002cc        -       0x00000460   Zero   RW          664    .bss.pxReadyTasksLists  tasks.o
    0x2000072c        -       0x00000004   Zero   RW           26    .bss.uartMutex      rr.o
    0x20000730        -       0x00002000   Zero   RW          406    .bss.ucHeap         heap_4.o
    0x20002730        -       0x00000001   Zero   RW          370    .bss.ucMaxSysCallPriority  port.o
    0x20002731   0x000034ec   0x00000003   PAD
    0x20002734        -       0x00000004   Zero   RW          371    .bss.ulMaxPRIGROUPValue  port.o
    0x20002738        -       0x00000004   Zero   RW          657    .bss.uxCurrentNumberOfTasks  tasks.o
    0x2000273c        -       0x00000004   Zero   RW          656    .bss.uxDeletedTasksWaitingCleanUp  tasks.o
    0x20002740        -       0x00000004   Zero   RW          658    .bss.uxSchedulerSuspended  tasks.o
    0x20002744        -       0x00000004   Zero   RW          653    .bss.uxTaskNumber   tasks.o
    0x20002748        -       0x00000004   Zero   RW          665    .bss.uxTopReadyPriority  tasks.o
    0x2000274c        -       0x00000200   Zero   RW          672    .bss.vApplicationGetIdleTaskMemory.uxIdleTaskStack  tasks.o
    0x2000294c        -       0x0000005c   Zero   RW          671    .bss.vApplicationGetIdleTaskMemory.xIdleTaskTCB  tasks.o
    0x200029a8        -       0x00000200   Zero   RW          674    .bss.vApplicationGetTimerTaskMemory.uxTimerTaskStack  tasks.o
    0x20002ba8        -       0x0000005c   Zero   RW          673    .bss.vApplicationGetTimerTaskMemory.xTimerTaskTCB  tasks.o
    0x20002c04        -       0x00000014   Zero   RW          756    .bss.xActiveTimerList1  timers.o
    0x20002c18        -       0x00000014   Zero   RW          757    .bss.xActiveTimerList2  timers.o
    0x20002c2c        -       0x00000014   Zero   RW          675    .bss.xDelayedTaskList1  tasks.o
    0x20002c40        -       0x00000014   Zero   RW          676    .bss.xDelayedTaskList2  tasks.o
    0x20002c54        -       0x00000004   Zero   RW          404    .bss.xFreeBytesRemaining  heap_4.o
    0x20002c58        -       0x00000004   Zero   RW          678    .bss.xIdleTaskHandles.0  tasks.o
    0x20002c5c        -       0x00000004   Zero   RW          407    .bss.xMinimumEverFreeBytesRemaining  heap_4.o
    0x20002c60        -       0x00000004   Zero   RW          667    .bss.xNextTaskUnblockTime  tasks.o
    0x20002c64        -       0x00000004   Zero   RW          670    .bss.xNumOfOverflows  tasks.o
    0x20002c68        -       0x00000004   Zero   RW          408    .bss.xNumberOfSuccessfulAllocations  heap_4.o
    0x20002c6c        -       0x00000004   Zero   RW          409    .bss.xNumberOfSuccessfulFrees  heap_4.o
    0x20002c70        -       0x00000004   Zero   RW          669    .bss.xPendedTicks   tasks.o
    0x20002c74        -       0x00000014   Zero   RW          662    .bss.xPendingReadyList  tasks.o
    0x20002c88        -       0x00000004   Zero   RW          654    .bss.xSchedulerRunning  tasks.o
    0x20002c8c        -       0x00000008   Zero   RW          405    .bss.xStart         heap_4.o
    0x20002c94        -       0x00000014   Zero   RW          663    .bss.xSuspendedTaskList  tasks.o
    0x20002ca8        -       0x00000014   Zero   RW          655    .bss.xTasksWaitingTermination  tasks.o
    0x20002cbc        -       0x00000004   Zero   RW          659    .bss.xTickCount     tasks.o
    0x20002cc0        -       0x00000004   Zero   RW          751    .bss.xTimerQueue    timers.o
    0x20002cc4        -       0x00000004   Zero   RW          752    .bss.xTimerTaskHandle  timers.o
    0x20002cc8        -       0x00000004   Zero   RW          666    .bss.xYieldPendings  tasks.o
    0x20002ccc   0x000034ec   0x00000004   PAD
    0x20002cd0        -       0x00000000   Zero   RW          260    HEAP                startup_tm4c123.o
    0x20002cd0        -       0x00000200   Zero   RW          259    STACK               startup_tm4c123.o


==============================================================================

Image component sizes


      Code (inc. data)   RO Data    RW Data    ZI Data      Debug   Object Name

       256          0          0          0        420       4423   clib_os.o
        30          0          0          0          0      38225   cmsis_os2.o
       686          0          0          0       8220       5317   heap_4.o
       124          0          0          0          0       2251   list.o
       746         16          0          4          5       3877   port.o
      1922          0          0          0          0      20338   queue.o
      1096        104          0          0          8       2790   rr.o
       276         24        620          0        512       5444   startup_tm4c123.o
       112          0          0          4          0       6556   system_tm4c123.o
      3478          0          4          0       2488      36079   tasks.o
       958         18          0          0        220      14635   timers.o

    ----------------------------------------------------------------------
      9788        162        656          8      11880     139935   Object Totals
         0          0         32          0          0          0   (incl. Generated)
       104          0          0          0          7          0   (incl. Padding)

    ----------------------------------------------------------------------

      Code (inc. data)   RO Data    RW Data    ZI Data      Debug   Library Member Name

         8          0          0          0          0         68   __main.o
         0          0          0          0          0          0   __rtentry.o
        20          0          0          0          0          0   __rtentry2.o
         6          0          0          0          0          0   __rtentry4.o
        52          8          0          0          0          0   __scatter.o
        26          0          0          0          0          0   __scatter_copy.o
        28          0          0          0          0          0   __scatter_zi.o
        16          0          0          0          0         68   aeabi_memset4.o
        18          0          0          0          0         80   exit.o
         6          0          0          0          0        152   heapauxi.o
         0          0          0          0          0          0   indicate_semi.o
         2          0          0          0          0          0   libinit.o
         6          0          0          0          0          0   libinit2.o
         2          0          0          0          0          0   libshutdown.o
         2          0          0          0          0          0   libshutdown2.o
         8          4          0          0         96         68   libspace.o
        68          0          0          0          0         68   rt_memclr.o
        78          0          0          0          0         80   rt_memclr_w.o
       138          0          0          0          0         68   rt_memcpy_v6.o
       100          0          0          0          0         80   rt_memcpy_w.o
         2          0          0          0          0          0   rtexit.o
        10          0          0          0          0          0   rtexit2.o
        12          4          0          0          0         68   sys_exit.o
        74          0          0          0          0         80   sys_stackheap_outer.o
         2          0          0          0          0         68   use_no_semi.o
       516          8        528          0          0       8775   gpio.o
       734         68        452          0          0       4411   sysctl.o
       142          0          0          0          0       2229   uart.o
        26          0          0          0          0        116   fpinit.o

    ----------------------------------------------------------------------
      2116         92        980          0         96      16479   Library Totals
        14          0          0          0          0          0   (incl. Padding)

    ----------------------------------------------------------------------

      Code (inc. data)   RO Data    RW Data    ZI Data      Debug   Library Name

       684         16          0          0         96        948   c_w.l
      1392         76        980          0          0      15415   driverlib.lib
        26          0          0          0          0        116   fz_wm.l

    ----------------------------------------------------------------------
      2116         92        980          0         96      16479   Library Totals

    ----------------------------------------------------------------------

==============================================================================


      Code (inc. data)   RO Data    RW Data    ZI Data      Debug   

     11904        254       1636          8      11976     154754   Grand Totals
     11904        254       1636          8      11976     154754   ELF Image Totals
     11904        254       1636          8          0          0   ROM Totals

==============================================================================

    Total RO  Size (Code + RO Data)                13540 (  13.22kB)
    Total RW  Size (RW Data + ZI Data)             11984 (  11.70kB)
    Total ROM Size (Code + RO Data + RW Data)      13548 (  13.23kB)

==============================================================================

